Archive member included to satisfy reference by file (symbol)

/home/sascha/workspace_ccs/4.2.00.35/blinky/src/sysbios/rom_sysbios.am4fg(m3_Hwi_asm_gnu.o)
                              /home/sascha/workspace_ccs/4.2.00.35/blinky/Debug/configPkg/package/cfg/blinky_pm4fg.om4fg (ti_sysbios_family_arm_m3_Hwi_pendSV__I)
/home/sascha/workspace_ccs/4.2.00.35/blinky/src/sysbios/rom_sysbios.am4fg(m3_IntrinsicsSupport_asm_gnu.o)
                              /home/sascha/workspace_ccs/4.2.00.35/blinky/Debug/configPkg/package/cfg/blinky_pm4fg.om4fg (ti_sysbios_family_arm_m3_IntrinsicsSupport_maxbit__E)
/home/sascha/workspace_ccs/4.2.00.35/blinky/src/sysbios/rom_sysbios.am4fg(_BIOS.o)
                              /home/sascha/workspace_ccs/4.2.00.35/blinky/Debug/configPkg/package/cfg/blinky_pm4fg.om4fg (ti_sysbios_BIOS_linkedWithIncorrectBootLibrary__E)
/home/sascha/workspace_ccs/4.2.00.35/blinky/src/sysbios/rom_sysbios.am4fg(knl_Clock.o)
                              /home/sascha/workspace_ccs/4.2.00.35/blinky/Debug/configPkg/package/cfg/blinky_pm4fg.om4fg (ti_sysbios_knl_Clock_Module_startup__E)
/home/sascha/workspace_ccs/4.2.00.35/blinky/src/sysbios/rom_sysbios.am4fg(knl_Idle.o)
                              /home/sascha/workspace_ccs/4.2.00.35/blinky/Debug/configPkg/package/cfg/blinky_pm4fg.om4fg (ti_sysbios_knl_Idle_loop__E)
/home/sascha/workspace_ccs/4.2.00.35/blinky/src/sysbios/rom_sysbios.am4fg(knl_Mailbox.o)
                              /home/sascha/workspace_ccs/4.2.00.35/blinky/Debug/configPkg/package/cfg/blinky_pm4fg.om4fg (ti_sysbios_knl_Mailbox_Module_startup__E)
/home/sascha/workspace_ccs/4.2.00.35/blinky/src/sysbios/rom_sysbios.am4fg(cfg_blinky_pm4fg_ti_sysbios_knl_Mailbox_config.o)
                              /home/sascha/workspace_ccs/4.2.00.35/blinky/src/sysbios/rom_sysbios.am4fg(knl_Mailbox.o) (ti_sysbios_knl_Mailbox_Object__get__S)
/home/sascha/workspace_ccs/4.2.00.35/blinky/src/sysbios/rom_sysbios.am4fg(knl_Queue.o)
                              /home/sascha/workspace_ccs/4.2.00.35/blinky/src/sysbios/rom_sysbios.am4fg(knl_Mailbox.o) (ti_sysbios_knl_Queue_dequeue__E)
/home/sascha/workspace_ccs/4.2.00.35/blinky/src/sysbios/rom_sysbios.am4fg(cfg_blinky_pm4fg_ti_sysbios_knl_Queue_config.o)
                              /home/sascha/workspace_ccs/4.2.00.35/blinky/src/sysbios/rom_sysbios.am4fg(knl_Mailbox.o) (ti_sysbios_knl_Queue_construct)
/home/sascha/workspace_ccs/4.2.00.35/blinky/src/sysbios/rom_sysbios.am4fg(knl_Semaphore.o)
                              /home/sascha/workspace_ccs/4.2.00.35/blinky/src/sysbios/rom_sysbios.am4fg(knl_Mailbox.o) (ti_sysbios_knl_Semaphore_pend__E)
/home/sascha/workspace_ccs/4.2.00.35/blinky/src/sysbios/rom_sysbios.am4fg(cfg_blinky_pm4fg_ti_sysbios_knl_Semaphore_config.o)
                              /home/sascha/workspace_ccs/4.2.00.35/blinky/src/sysbios/rom_sysbios.am4fg(knl_Mailbox.o) (ti_sysbios_knl_Semaphore_Params__init__S)
/home/sascha/workspace_ccs/4.2.00.35/blinky/src/sysbios/rom_sysbios.am4fg(knl_Swi.o)
                              /home/sascha/workspace_ccs/4.2.00.35/blinky/Debug/configPkg/package/cfg/blinky_pm4fg.om4fg (ti_sysbios_knl_Swi_Module_startup__E)
/home/sascha/workspace_ccs/4.2.00.35/blinky/src/sysbios/rom_sysbios.am4fg(cfg_blinky_pm4fg_ti_sysbios_knl_Swi_config.o)
                              /home/sascha/workspace_ccs/4.2.00.35/blinky/src/sysbios/rom_sysbios.am4fg(knl_Swi.o) (ti_sysbios_knl_Swi_Params__init__S)
/home/sascha/workspace_ccs/4.2.00.35/blinky/src/sysbios/rom_sysbios.am4fg(knl_Task.o)
                              /home/sascha/workspace_ccs/4.2.00.35/blinky/Debug/configPkg/package/cfg/blinky_pm4fg.om4fg (ti_sysbios_knl_Task_disable__E)
/home/sascha/workspace_ccs/4.2.00.35/blinky/src/sysbios/rom_sysbios.am4fg(cfg_blinky_pm4fg_ti_sysbios_knl_Task_config.o)
                              ./led_task.o (ti_sysbios_knl_Task_Params__init__S)
/home/sascha/workspace_ccs/4.2.00.35/blinky/src/sysbios/rom_sysbios.am4fg(cfg_blinky_pm4fg_ti_sysbios_knl_Clock_TimerProxy_config.o)
                              /home/sascha/workspace_ccs/4.2.00.35/blinky/src/sysbios/rom_sysbios.am4fg(knl_Clock.o) (ti_sysbios_knl_Clock_TimerProxy_Module__startupDone__S)
/home/sascha/workspace_ccs/4.2.00.35/blinky/src/sysbios/rom_sysbios.am4fg(cfg_blinky_pm4fg_ti_sysbios_knl_Task_SupportProxy_config.o)
                              /home/sascha/workspace_ccs/4.2.00.35/blinky/src/sysbios/rom_sysbios.am4fg(knl_Task.o) (ti_sysbios_knl_Task_SupportProxy_Module__startupDone__S)
/home/sascha/workspace_ccs/4.2.00.35/blinky/src/sysbios/rom_sysbios.am4fg(m3_Hwi.o)
                              /home/sascha/workspace_ccs/4.2.00.35/blinky/Debug/configPkg/package/cfg/blinky_pm4fg.om4fg (ti_sysbios_family_arm_m3_Hwi_initNVIC__E)
/home/sascha/workspace_ccs/4.2.00.35/blinky/src/sysbios/rom_sysbios.am4fg(cfg_blinky_pm4fg_ti_sysbios_family_arm_m3_Hwi_config.o)
[...]
Memory Configuration

Name             Origin             Length             Attributes
FLASH            0x0000000000000000 0x0000000000057fa8 xr
FLASH_CCFG       0x0000000000057fa8 0x0000000000000058 xr
SRAM             0x0000000020000000 0x0000000000014000 xrw
GPRAM            0x0000000011000000 0x0000000000002000 xrw
*default*        0x0000000000000000 0xffffffffffffffff

Linker script and memory map

LOAD ./CC2652RB_LAUNCHXL_fxns.o
LOAD ./blinky.o
LOAD ./syscfg/ti_devices_config.o
LOAD ./syscfg/ti_drivers_config.o
LOAD ./led_task.o
                0x0000000000000400                STACKSIZE = 0x400
                0x0000000000001000                HEAPSIZE = 0x1000
                [!provide]                        PROVIDE (_intvecs_base_address = DEFINED (_intvecs_base_address)?_intvecs_base_address:0x0)

.intvecs        0x0000000000000000       0x3c
 *(.intvecs)
 .intvecs       0x0000000000000000       0x3c /home/sascha/workspace_ccs/4.2.00.35/blinky/Debug/configPkg/package/cfg/blinky_pm4fg.om4fg
                0x0000000000000000                ti_sysbios_family_arm_m3_Hwi_resetVectors
                [!provide]                        PROVIDE (_vtable_base_address = DEFINED (_vtable_base_address)?_vtable_base_address:0x20000000)

.vtable         0x0000000020000000       0xd8
 *(.vtable)
 .vtable        0x0000000020000000       0xd8 /home/sascha/workspace_ccs/4.2.00.35/blinky/Debug/configPkg/package/cfg/blinky_pm4fg.om4fg
                0x0000000020000000                ti_sysbios_family_arm_m3_Hwi_ramVectors
                0x0000000020000100                _rom_data_start = 0x20000100
                0x000000000000000c                _rom_data_size = DEFINED (ROM_DATA_SIZE)?0xc:DEFINED (ROM_DATA_SIZE_NO_OAD)?0x108:0x0

.rom_data_reserve
                0x0000000020000100        0xc
                0x000000002000010c                . = (. + _rom_data_size)
 *fill*         0x0000000020000100        0xc 
                0x0000000020001800                UDMACC26XX_CONFIG_BASE = 0x20001800
                0x0000000020001810                DMA_UART0_RX_CONTROL_TABLE_ENTRY_ADDRESS = (UDMACC26XX_CONFIG_BASE + 0x10)
                0x0000000020001820                DMA_UART0_TX_CONTROL_TABLE_ENTRY_ADDRESS = (UDMACC26XX_CONFIG_BASE + 0x20)
                0x0000000020001830                DMA_SPI0_RX_CONTROL_TABLE_ENTRY_ADDRESS = (UDMACC26XX_CONFIG_BASE + 0x30)
                0x0000000020001840                DMA_SPI0_TX_CONTROL_TABLE_ENTRY_ADDRESS = (UDMACC26XX_CONFIG_BASE + 0x40)
                0x0000000020001850                DMA_UART1_RX_CONTROL_TABLE_ENTRY_ADDRESS = (UDMACC26XX_CONFIG_BASE + 0x50)
                0x0000000020001860                DMA_UART1_TX_CONTROL_TABLE_ENTRY_ADDRESS = (UDMACC26XX_CONFIG_BASE + 0x60)
                0x0000000020001870                DMA_ADC_PRI_CONTROL_TABLE_ENTRY_ADDRESS = (UDMACC26XX_CONFIG_BASE + 0x70)
                0x0000000020001890                DMA_GPT0A_PRI_CONTROL_TABLE_ENTRY_ADDRESS = (UDMACC26XX_CONFIG_BASE + 0x90)
                0x0000000020001900                DMA_SPI1_RX_CONTROL_TABLE_ENTRY_ADDRESS = (UDMACC26XX_CONFIG_BASE + 0x100)
                0x0000000020001910                DMA_SPI1_TX_CONTROL_TABLE_ENTRY_ADDRESS = (UDMACC26XX_CONFIG_BASE + 0x110)
                0x0000000020001a10                DMA_UART0_RX_ALT_CONTROL_TABLE_ENTRY_ADDRESS = (UDMACC26XX_CONFIG_BASE + 0x210)
                0x0000000020001a20                DMA_UART0_TX_ALT_CONTROL_TABLE_ENTRY_ADDRESS = (UDMACC26XX_CONFIG_BASE + 0x220)
                0x0000000020001a30                DMA_SPI0_RX_ALT_CONTROL_TABLE_ENTRY_ADDRESS = (UDMACC26XX_CONFIG_BASE + 0x230)
                0x0000000020001a40                DMA_SPI0_TX_ALT_CONTROL_TABLE_ENTRY_ADDRESS = (UDMACC26XX_CONFIG_BASE + 0x240)
                0x0000000020001a50                DMA_UART1_RX_ALT_CONTROL_TABLE_ENTRY_ADDRESS = (UDMACC26XX_CONFIG_BASE + 0x250)
                0x0000000020001a60                DMA_UART1_TX_ALT_CONTROL_TABLE_ENTRY_ADDRESS = (UDMACC26XX_CONFIG_BASE + 0x260)
                0x0000000020001a70                DMA_ADC_ALT_CONTROL_TABLE_ENTRY_ADDRESS = (UDMACC26XX_CONFIG_BASE + 0x270)
                0x0000000020001a90                DMA_GPT0A_ALT_CONTROL_TABLE_ENTRY_ADDRESS = (UDMACC26XX_CONFIG_BASE + 0x290)
                0x0000000020001b00                DMA_SPI1_RX_ALT_CONTROL_TABLE_ENTRY_ADDRESS = (UDMACC26XX_CONFIG_BASE + 0x300)
                0x0000000020001b10                DMA_SPI1_TX_ALT_CONTROL_TABLE_ENTRY_ADDRESS = (UDMACC26XX_CONFIG_BASE + 0x310)
                0x0000000000000000                UDMACC26XX_uart0RxControlTableEntry_is_placed = 0x0

.dmaUart0RxControlTableEntry
 *(.dmaUart0RxControlTableEntry)
                0x0000000000000000                UDMACC26XX_uart0TxControlTableEntry_is_placed = 0x0

.dmaUart0TxControlTableEntry
 *(.dmaUart0TxControlTableEntry)
                0x0000000000000000                UDMACC26XX_dmaSpi0RxControlTableEntry_is_placed = 0x0

.dmaSpi0RxControlTableEntry
 *(.dmaSpi0RxControlTableEntry)
                0x0000000000000000                UDMACC26XX_dmaSpi0TxControlTableEntry_is_placed = 0x0

.dmaSpi0TxControlTableEntry
 *(.dmaSpi0TxControlTableEntry)
                0x0000000000000000                UDMACC26XX_uart1RxControlTableEntry_is_placed = 0x0

.dmaUart1RxControlTableEntry
 *(.dmaUart1RxControlTableEntry)
                0x0000000000000000                UDMACC26XX_uart1TxControlTableEntry_is_placed = 0x0

.dmaUart1TxControlTableEntry
 *(.dmaUart1TxControlTableEntry)
                0x0000000000000000                UDMACC26XX_dmaADCPriControlTableEntry_is_placed = 0x0

.dmaADCPriControlTableEntry
 *(.dmaADCPriControlTableEntry)
                0x0000000000000000                UDMACC26XX_dmaGPT0APriControlTableEntry_is_placed = 0x0

.dmaGPT0APriControlTableEntry
 *(.dmaGPT0APriControlTableEntry)
                0x0000000000000000                UDMACC26XX_dmaSpi1RxControlTableEntry_is_placed = 0x0

.dmaSpi1RxControlTableEntry
 *(.dmaSpi1RxControlTableEntry)
                0x0000000000000000                UDMACC26XX_dmaSpi1TxControlTableEntry_is_placed = 0x0

.dmaSpi1TxControlTableEntry
 *(.dmaSpi1TxControlTableEntry)
                0x0000000000000000                UDMACC26XX_uart0RxAltControlTableEntry_is_placed = 0x0

.dmaUart0RxAltControlTableEntry
 *(.dmaUart0RxAltControlTableEntry)
                0x0000000000000000                UDMACC26XX_uart0TxAltControlTableEntry_is_placed = 0x0

.dmaUart0TxAltControlTableEntry
 *(.dmaUart0TxAltControlTableEntry)
                0x0000000000000000                UDMACC26XX_dmaSpi0RxAltControlTableEntry_is_placed = 0x0

.dmaSpi0RxAltControlTableEntry
 *(.dmaSpi0RxAltControlTableEntry)
                0x0000000000000000                UDMACC26XX_dmaSpi0TxAltControlTableEntry_is_placed = 0x0

.dmaSpi0TxAltControlTableEntry
 *(.dmaSpi0TxAltControlTableEntry)
                0x0000000000000000                UDMACC26XX_uart1RxAltControlTableEntry_is_placed = 0x0

.dmaUart1RxAltControlTableEntry
 *(.dmaUart1RxAltControlTableEntry)
                0x0000000000000000                UDMACC26XX_uart1TxAltControlTableEntry_is_placed = 0x0

.dmaUart1TxAltControlTableEntry
 *(.dmaUart1TxAltControlTableEntry)
                0x0000000000000000                UDMACC26XX_dmaADCAltControlTableEntry_is_placed = 0x0

.dmaADCAltControlTableEntry
 *(.dmaADCAltControlTableEntry)
                0x0000000000000000                UDMACC26XX_dmaGPT0AAltControlTableEntry_is_placed = 0x0

.dmaGPT0AAltControlTableEntry
 *(.dmaGPT0AAltControlTableEntry)
                0x0000000000000000                UDMACC26XX_dmaSpi1RxAltControlTableEntry_is_placed = 0x0

.dmaSpi1RxAltControlTableEntry
 *(.dmaSpi1RxAltControlTableEntry)
                0x0000000000000000                UDMACC26XX_dmaSpi1TxAltControlTableEntry_is_placed = 0x0

.dmaSpi1TxAltControlTableEntry
 *(.dmaSpi1TxAltControlTableEntry)
                0x0000000000002000                _rom_rodata_start = 0x2000
                0x0000000000000000                _rom_rodata_size = DEFINED (ROM_RODATA_SIZE)?0x0:DEFINED (ROM_RODATA_SIZE_NO_OAD)?0x330:0x0

.rom_rodata_reserve
                0x0000000000002000        0x0 load address 0x000000000000003c
                0x0000000000002000                . = (. + _rom_rodata_size)

.text           0x0000000000000040     0x3118
 CREATE_OBJECT_SYMBOLS
 *(.text)
 .text          0x0000000000000040       0xa0 /home/sascha/ti/ccs1000/ccs/tools/compiler/gcc-arm-none-eabi-9-2019-q4-major/bin/../lib/gcc/arm-none-eabi/9.2.1/thumb/v7e-m+fp/hard/libgcc.a(_aeabi_ldivmod.o)
                0x0000000000000040                __aeabi_ldivmod
 .text          0x00000000000000e0       0x30 /home/sascha/ti/ccs1000/ccs/tools/compiler/gcc-arm-none-eabi-9-2019-q4-major/bin/../lib/gcc/arm-none-eabi/9.2.1/thumb/v7e-m+fp/hard/libgcc.a(_aeabi_uldivmod.o)
                0x00000000000000e0                __aeabi_uldivmod
 .text          0x0000000000000110      0x2c4 /home/sascha/ti/ccs1000/ccs/tools/compiler/gcc-arm-none-eabi-9-2019-q4-major/bin/../lib/gcc/arm-none-eabi/9.2.1/thumb/v7e-m+fp/hard/libgcc.a(_udivmoddi4.o)
                0x0000000000000110                __udivmoddi4
 .text          0x00000000000003d4        0x4 /home/sascha/ti/ccs1000/ccs/tools/compiler/gcc-arm-none-eabi-9-2019-q4-major/bin/../lib/gcc/arm-none-eabi/9.2.1/thumb/v7e-m+fp/hard/libgcc.a(_dvmd_tls.o)
                0x00000000000003d4                __aeabi_ldiv0
                0x00000000000003d4                __aeabi_idiv0
 *(.text.*)
 .text.CC2652RB_LAUNCHXL_sendExtFlashByte
                0x00000000000003d8       0x80 ./CC2652RB_LAUNCHXL_fxns.o
                0x00000000000003d8                CC2652RB_LAUNCHXL_sendExtFlashByte
 .text.CC2652RB_LAUNCHXL_wakeUpExtFlash
                0x0000000000000458       0x58 ./CC2652RB_LAUNCHXL_fxns.o
                0x0000000000000458                CC2652RB_LAUNCHXL_wakeUpExtFlash
 .text.CC2652RB_LAUNCHXL_shutDownExtFlash
                0x00000000000004b0       0x50 ./CC2652RB_LAUNCHXL_fxns.o
                0x00000000000004b0                CC2652RB_LAUNCHXL_shutDownExtFlash
 .text.Board_initHook
                0x0000000000000500       0x10 ./CC2652RB_LAUNCHXL_fxns.o
                0x0000000000000500                Board_initHook
 .text.main     0x0000000000000510       0x16 ./blinky.o
                0x0000000000000510                main
 *fill*         0x0000000000000526        0x2 
 .text.Board_init
                0x0000000000000528       0x24 ./syscfg/ti_drivers_config.o
                0x0000000000000528                Board_init
 .text.ti_sysbios_knl_Task_Params_init
                0x000000000000054c       0x22 ./led_task.o
 *fill*         0x000000000000056e        0x2 
 .text.initPins
                0x0000000000000570       0x24 ./led_task.o
                0x0000000000000570                initPins
 .text.toggleLed
                0x0000000000000594       0x36 ./led_task.o
                0x0000000000000594                toggleLed
 *fill*         0x00000000000005ca        0x2 
 .text.led_task
                0x00000000000005cc       0x58 ./led_task.o
                0x00000000000005cc                led_task
 .text.ledTask_taskCreate
                0x0000000000000624       0x3c ./led_task.o
                0x0000000000000624                ledTask_taskCreate
 .text.xdc_runtime_Startup_getState__I
                0x0000000000000660       0x7c /home/sascha/workspace_ccs/4.2.00.35/blinky/Debug/configPkg/package/cfg/blinky_pm4fg.om4fg
                0x0000000000000660                xdc_runtime_Startup_getState__I
 .text.xdc_runtime_Startup_exec__I
                0x00000000000006dc       0x18 /home/sascha/workspace_ccs/4.2.00.35/blinky/Debug/configPkg/package/cfg/blinky_pm4fg.om4fg
                0x00000000000006dc                xdc_runtime_Startup_exec__I
 .text.xdc_runtime_Text_visitRope__I
                0x00000000000006f4        0x8 /home/sascha/workspace_ccs/4.2.00.35/blinky/Debug/configPkg/package/cfg/blinky_pm4fg.om4fg
                0x00000000000006f4                xdc_runtime_Text_visitRope__I
 .text.xdc_runtime_System_SupportProxy_Module__startupDone__S
                0x00000000000006fc       0x14 /home/sascha/workspace_ccs/4.2.00.35/blinky/Debug/configPkg/package/cfg/blinky_pm4fg.om4fg
                0x00000000000006fc                xdc_runtime_System_SupportProxy_Module__startupDone__S
 .text.xdc_runtime_System_SupportProxy_abort__E
                0x0000000000000710        0x4 /home/sascha/workspace_ccs/4.2.00.35/blinky/Debug/configPkg/package/cfg/blinky_pm4fg.om4fg
                0x0000000000000710                xdc_runtime_System_SupportProxy_abort__E
 .text.xdc_runtime_System_SupportProxy_exit__E
                0x0000000000000714        0x4 /home/sascha/workspace_ccs/4.2.00.35/blinky/Debug/configPkg/package/cfg/blinky_pm4fg.om4fg
                0x0000000000000714                xdc_runtime_System_SupportProxy_exit__E
 .text.xdc_runtime_System_SupportProxy_flush__E
                0x0000000000000718        0x4 /home/sascha/workspace_ccs/4.2.00.35/blinky/Debug/configPkg/package/cfg/blinky_pm4fg.om4fg
                0x0000000000000718                xdc_runtime_System_SupportProxy_flush__E
 .text.xdc_runtime_System_SupportProxy_putch__E
                0x000000000000071c        0x4 /home/sascha/workspace_ccs/4.2.00.35/blinky/Debug/configPkg/package/cfg/blinky_pm4fg.om4fg
                0x000000000000071c                xdc_runtime_System_SupportProxy_putch__E
 .text.xdc_runtime_System_SupportProxy_ready__E
                0x0000000000000720        0x4 /home/sascha/workspace_ccs/4.2.00.35/blinky/Debug/configPkg/package/cfg/blinky_pm4fg.om4fg
                0x0000000000000720                xdc_runtime_System_SupportProxy_ready__E
 .text.xdc_runtime_System_printfExtend__I
                0x0000000000000724       0xd8 /home/sascha/workspace_ccs/4.2.00.35/blinky/Debug/configPkg/package/cfg/blinky_pm4fg.om4fg
                0x0000000000000724                xdc_runtime_System_printfExtend__I
 .text.xdc_runtime_SysMin_output__I
                0x00000000000007fc       0x28 /home/sascha/workspace_ccs/4.2.00.35/blinky/Debug/configPkg/package/cfg/blinky_pm4fg.om4fg
                0x00000000000007fc                xdc_runtime_SysMin_output__I
 .text.ti_sysbios_knl_Clock_doTick__I
                0x0000000000000824       0x18 /home/sascha/workspace_ccs/4.2.00.35/blinky/Debug/configPkg/package/cfg/blinky_pm4fg.om4fg
                0x0000000000000824                ti_sysbios_knl_Clock_doTick__I
 .text.ti_sysbios_BIOS_startFunc__I
                0x000000000000083c       0x2c /home/sascha/workspace_ccs/4.2.00.35/blinky/Debug/configPkg/package/cfg/blinky_pm4fg.om4fg
                0x000000000000083c                ti_sysbios_BIOS_startFunc__I
 .text.ti_sysbios_BIOS_atExitFunc__I
                0x0000000000000868       0x14 /home/sascha/workspace_ccs/4.2.00.35/blinky/Debug/configPkg/package/cfg/blinky_pm4fg.om4fg
                0x0000000000000868                ti_sysbios_BIOS_atExitFunc__I
 .text.ti_sysbios_BIOS_exitFunc__I
                0x000000000000087c       0x14 /home/sascha/workspace_ccs/4.2.00.35/blinky/Debug/configPkg/package/cfg/blinky_pm4fg.om4fg
                0x000000000000087c                ti_sysbios_BIOS_exitFunc__I
 .text.ti_sysbios_rom_cortexm_cc26xx_cc26x2v2_CC26xx_badRomRevision__E
                0x0000000000000890        0x4 /home/sascha/workspace_ccs/4.2.00.35/blinky/Debug/configPkg/package/cfg/blinky_pm4fg.om4fg
                0x0000000000000890                ti_sysbios_rom_cortexm_cc26xx_cc26x2v2_CC26xx_badRomRevision__E
 .text.xdc_runtime_Startup_reset__I
                0x0000000000000894       0x7c /home/sascha/workspace_ccs/4.2.00.35/blinky/Debug/configPkg/package/cfg/blinky_pm4fg.om4fg
                0x0000000000000894                xdc_runtime_Startup_reset__I
 .text.ti_sysbios_knl_Clock_getTicksUntilInterrupt__E
                0x0000000000000910       0x2c /home/sascha/workspace_ccs/4.2.00.35/blinky/src/sysbios/rom_sysbios.am4fg(knl_Clock.o)
                0x0000000000000910                ti_sysbios_knl_Clock_getTicksUntilInterrupt__E
 .text.ti_sysbios_knl_Swi_getTrigger__E
                0x000000000000093c        0xc /home/sascha/workspace_ccs/4.2.00.35/blinky/src/sysbios/rom_sysbios.am4fg(knl_Swi.o)
                0x000000000000093c                ti_sysbios_knl_Swi_getTrigger__E
 .text.ti_sysbios_knl_Swi_construct2__E
                0x0000000000000948       0x1c /home/sascha/workspace_ccs/4.2.00.35/blinky/src/sysbios/rom_sysbios.am4fg(knl_Swi.o)
                0x0000000000000948                ti_sysbios_knl_Swi_construct2__E
 .text.ti_sysbios_knl_Swi_or__E
                0x0000000000000964       0x1e /home/sascha/workspace_ccs/4.2.00.35/blinky/src/sysbios/rom_sysbios.am4fg(knl_Swi.o)
                0x0000000000000964                ti_sysbios_knl_Swi_or__E
 *fill*         0x0000000000000982        0x2 
 .text.ti_sysbios_family_arm_m3_Hwi_construct2__E
                0x0000000000000984       0x48 /home/sascha/workspace_ccs/4.2.00.35/blinky/src/sysbios/rom_sysbios.am4fg(m3_Hwi.o)
                0x0000000000000984                ti_sysbios_family_arm_m3_Hwi_construct2__E
 .text.ti_sysbios_family_arm_cc26xx_Boot_trimDevice
                0x00000000000009cc        0x4 /home/sascha/workspace_ccs/4.2.00.35/blinky/src/sysbios/rom_sysbios.am4fg(cc26xx_Boot.o)
                0x00000000000009cc                ti_sysbios_family_arm_cc26xx_Boot_trimDevice
 .text.ti_sysbios_family_arm_cc26xx_Timer_getMaxTicks__E
                0x00000000000009d0       0x28 /home/sascha/workspace_ccs/4.2.00.35/blinky/src/sysbios/rom_sysbios.am4fg(cc26xx_Timer.o)
                0x00000000000009d0                ti_sysbios_family_arm_cc26xx_Timer_getMaxTicks__E
 .text.ti_sysbios_family_arm_cc26xx_Timer_setThreshold__I
                0x00000000000009f8       0x40 /home/sascha/workspace_ccs/4.2.00.35/blinky/src/sysbios/rom_sysbios.am4fg(cc26xx_Timer.o)
                0x00000000000009f8                ti_sysbios_family_arm_cc26xx_Timer_setThreshold__I
 .text.ti_sysbios_family_arm_cc26xx_Timer_setNextTick__E
                0x0000000000000a38       0x2c /home/sascha/workspace_ccs/4.2.00.35/blinky/src/sysbios/rom_sysbios.am4fg(cc26xx_Timer.o)
                0x0000000000000a38                ti_sysbios_family_arm_cc26xx_Timer_setNextTick__E
 .text.ti_sysbios_family_arm_cc26xx_Timer_start__E
                0x0000000000000a64       0x9c /home/sascha/workspace_ccs/4.2.00.35/blinky/src/sysbios/rom_sysbios.am4fg(cc26xx_Timer.o)
                0x0000000000000a64                ti_sysbios_family_arm_cc26xx_Timer_start__E
 .text.ti_sysbios_family_arm_cc26xx_Timer_getCount64__E
                0x0000000000000b00        0xc /home/sascha/workspace_ccs/4.2.00.35/blinky/src/sysbios/rom_sysbios.am4fg(cc26xx_Timer.o)
                0x0000000000000b00                ti_sysbios_family_arm_cc26xx_Timer_getCount64__E
 .text.ti_sysbios_family_arm_cc26xx_Timer_dynamicStub__E
                0x0000000000000b0c       0x18 /home/sascha/workspace_ccs/4.2.00.35/blinky/src/sysbios/rom_sysbios.am4fg(cc26xx_Timer.o)
                0x0000000000000b0c                ti_sysbios_family_arm_cc26xx_Timer_dynamicStub__E
 .text.ti_sysbios_family_arm_cc26xx_Timer_getCurrentTick__E
                0x0000000000000b24       0x2a /home/sascha/workspace_ccs/4.2.00.35/blinky/src/sysbios/rom_sysbios.am4fg(cc26xx_Timer.o)
                0x0000000000000b24                ti_sysbios_family_arm_cc26xx_Timer_getCurrentTick__E
 *fill*         0x0000000000000b4e        0x2 
 .text.ti_sysbios_family_arm_cc26xx_Timer_initDevice__I
                0x0000000000000b50       0x3c /home/sascha/workspace_ccs/4.2.00.35/blinky/src/sysbios/rom_sysbios.am4fg(cc26xx_Timer.o)
                0x0000000000000b50                ti_sysbios_family_arm_cc26xx_Timer_initDevice__I
 .text.ti_sysbios_family_arm_cc26xx_TimestampProvider_get32__E
                0x0000000000000b8c       0x18 /home/sascha/workspace_ccs/4.2.00.35/blinky/src/sysbios/rom_sysbios.am4fg(cc26xx_TimestampProvider.o)
                0x0000000000000b8c                ti_sysbios_family_arm_cc26xx_TimestampProvider_get32__E
 .text.ti_sysbios_heaps_HeapMem_initPrimary__I
                0x0000000000000ba4       0x60 /home/sascha/workspace_ccs/4.2.00.35/blinky/src/sysbios/rom_sysbios.am4fg(heaps_HeapMem.o)
                0x0000000000000ba4                ti_sysbios_heaps_HeapMem_initPrimary__I
 .text.ti_sysbios_rts_gnu_ReentSupport_Module_startup__E
                0x0000000000000c04        0x6 /home/sascha/workspace_ccs/4.2.00.35/blinky/src/sysbios/rom_sysbios.am4fg(gnu_ReentSupport_stub.o)
                0x0000000000000c04                ti_sysbios_rts_gnu_ReentSupport_Module_startup__E
 *fill*         0x0000000000000c0a        0x2 
 .text.xdc_runtime_Error_init__E
                0x0000000000000c0c       0x18 /home/sascha/workspace_ccs/4.2.00.35/blinky/src/sysbios/rom_sysbios.am4fg(runtime_Error.o)
                0x0000000000000c0c                xdc_runtime_Error_init__E
 .text.xdc_runtime_System_formatNum__I
                0x0000000000000c24       0x64 /home/sascha/workspace_ccs/4.2.00.35/blinky/src/sysbios/rom_sysbios.am4fg(runtime_System.o)
                0x0000000000000c24                xdc_runtime_System_formatNum__I
 .text.xdc_runtime_SysCallback_defaultReady
                0x0000000000000c88        0x4 /home/sascha/workspace_ccs/4.2.00.35/blinky/src/sysbios/rom_sysbios.am4fg(runtime_SysCallback.o)
                0x0000000000000c88                xdc_runtime_SysCallback_defaultReady
 .text.xdc_runtime_SysCallback_defaultFlush
                0x0000000000000c8c        0x2 /home/sascha/workspace_ccs/4.2.00.35/blinky/src/sysbios/rom_sysbios.am4fg(runtime_SysCallback.o)
                0x0000000000000c8c                xdc_runtime_SysCallback_defaultFlush
 .text.xdc_runtime_SysCallback_defaultAbort
                0x0000000000000c8e        0x2 /home/sascha/workspace_ccs/4.2.00.35/blinky/src/sysbios/rom_sysbios.am4fg(runtime_SysCallback.o)
                0x0000000000000c8e                xdc_runtime_SysCallback_defaultAbort
 .text.xdc_runtime_SysCallback_defaultExit
                0x0000000000000c90        0x2 /home/sascha/workspace_ccs/4.2.00.35/blinky/src/sysbios/rom_sysbios.am4fg(runtime_SysCallback.o)
                0x0000000000000c90                xdc_runtime_SysCallback_defaultExit
 .text.xdc_runtime_SysCallback_defaultPutch
                0x0000000000000c92        0x2 /home/sascha/workspace_ccs/4.2.00.35/blinky/src/sysbios/rom_sysbios.am4fg(runtime_SysCallback.o)
                0x0000000000000c92                xdc_runtime_SysCallback_defaultPutch
 .text.xdc_runtime_SysMin_Module_startup__E
                0x0000000000000c94       0x20 /home/sascha/workspace_ccs/4.2.00.35/blinky/src/sysbios/rom_sysbios.am4fg(runtime_SysMin.o)
                0x0000000000000c94                xdc_runtime_SysMin_Module_startup__E
 .text.xdc_runtime_SysMin_putch__E
                0x0000000000000cb4       0x44 /home/sascha/workspace_ccs/4.2.00.35/blinky/src/sysbios/rom_sysbios.am4fg(runtime_SysMin.o)
                0x0000000000000cb4                xdc_runtime_SysMin_putch__E
 .text.xdc_runtime_SysMin_ready__E
                0x0000000000000cf8       0x10 /home/sascha/workspace_ccs/4.2.00.35/blinky/src/sysbios/rom_sysbios.am4fg(runtime_SysMin.o)
                0x0000000000000cf8                xdc_runtime_SysMin_ready__E
 .text.xdc_runtime_SysMin_flush__E
                0x0000000000000d08       0x4c /home/sascha/workspace_ccs/4.2.00.35/blinky/src/sysbios/rom_sysbios.am4fg(runtime_SysMin.o)
                0x0000000000000d08                xdc_runtime_SysMin_flush__E
 .text.xdc_runtime_SysMin_abort__E
                0x0000000000000d54       0x34 /home/sascha/workspace_ccs/4.2.00.35/blinky/src/sysbios/rom_sysbios.am4fg(runtime_SysMin.o)
                0x0000000000000d54                xdc_runtime_SysMin_abort__E
 .text.xdc_runtime_SysMin_exit__E
                0x0000000000000d88       0x1c /home/sascha/workspace_ccs/4.2.00.35/blinky/src/sysbios/rom_sysbios.am4fg(runtime_SysMin.o)
                0x0000000000000d88                xdc_runtime_SysMin_exit__E
 .text.startupC
                0x0000000000000da4       0x98 /home/sascha/ti/simplelink_cc13x2_26x2_sdk_4_20_00_35/kernel/tirtos/packages/gnu/targets/arm/rtsv7M/lib/boot.am4fg(startup.om4fg)
                0x0000000000000da4                startupC
 .text._fini    0x0000000000000e3c        0x4 /home/sascha/ti/simplelink_cc13x2_26x2_sdk_4_20_00_35/kernel/tirtos/packages/gnu/targets/arm/rtsv7M/lib/boot.am4fg(startup.om4fg)
                0x0000000000000e3c                _fini
 .text.PIN_swi  0x0000000000000e40       0x44 /home/sascha/ti/simplelink_cc13x2_26x2_sdk_4_20_00_35/source/ti/drivers/lib/drivers_cc26x2.am4fg(PINCC26XX.om4fg)
 .text.PIN_hwi  0x0000000000000e84       0x1c /home/sascha/ti/simplelink_cc13x2_26x2_sdk_4_20_00_35/source/ti/drivers/lib/drivers_cc26x2.am4fg(PINCC26XX.om4fg)
 .text.PINCC26XX_setIoCfg
                0x0000000000000ea0      0x108 /home/sascha/ti/simplelink_cc13x2_26x2_sdk_4_20_00_35/source/ti/drivers/lib/drivers_cc26x2.am4fg(PINCC26XX.om4fg)
 .text.PIN_init
                0x0000000000000fa8      0x208 /home/sascha/ti/simplelink_cc13x2_26x2_sdk_4_20_00_35/source/ti/drivers/lib/drivers_cc26x2.am4fg(PINCC26XX.om4fg)
                0x0000000000000fa8                PIN_init
 .text.PIN_remove
                0x00000000000011b0       0x70 /home/sascha/ti/simplelink_cc13x2_26x2_sdk_4_20_00_35/source/ti/drivers/lib/drivers_cc26x2.am4fg(PINCC26XX.om4fg)
                0x00000000000011b0                PIN_remove
 .text.PIN_close
                0x0000000000001220       0x20 /home/sascha/ti/simplelink_cc13x2_26x2_sdk_4_20_00_35/source/ti/drivers/lib/drivers_cc26x2.am4fg(PINCC26XX.om4fg)
                0x0000000000001220                PIN_close
 .text.PIN_setOutputValue
                0x0000000000001240       0x34 /home/sascha/ti/simplelink_cc13x2_26x2_sdk_4_20_00_35/source/ti/drivers/lib/drivers_cc26x2.am4fg(PINCC26XX.om4fg)
                0x0000000000001240                PIN_setOutputValue
 .text.PIN_getOutputValue
                0x0000000000001274       0x14 /home/sascha/ti/simplelink_cc13x2_26x2_sdk_4_20_00_35/source/ti/drivers/lib/drivers_cc26x2.am4fg(PINCC26XX.om4fg)
                0x0000000000001274                PIN_getOutputValue
 .text.PIN_setConfig
                0x0000000000001288       0x34 /home/sascha/ti/simplelink_cc13x2_26x2_sdk_4_20_00_35/source/ti/drivers/lib/drivers_cc26x2.am4fg(PINCC26XX.om4fg)
                0x0000000000001288                PIN_setConfig
 .text.PIN_open
                0x00000000000012bc       0xac /home/sascha/ti/simplelink_cc13x2_26x2_sdk_4_20_00_35/source/ti/drivers/lib/drivers_cc26x2.am4fg(PINCC26XX.om4fg)
                0x00000000000012bc                PIN_open
 .text.emptyClockFunc
                0x0000000000001368        0x4 /home/sascha/ti/simplelink_cc13x2_26x2_sdk_4_20_00_35/source/ti/drivers/lib/drivers_cc26x2.am4fg(PowerCC26X2.om4fg)
 .text.nopResourceHandler
                0x000000000000136c        0x4 /home/sascha/ti/simplelink_cc13x2_26x2_sdk_4_20_00_35/source/ti/drivers/lib/drivers_cc26x2.am4fg(PowerCC26X2.om4fg)
 .text.notify   0x0000000000001370       0x34 /home/sascha/ti/simplelink_cc13x2_26x2_sdk_4_20_00_35/source/ti/drivers/lib/drivers_cc26x2.am4fg(PowerCC26X2.om4fg)
 .text.configureRFCoreClocks
                0x00000000000013a4        0x4 /home/sascha/ti/simplelink_cc13x2_26x2_sdk_4_20_00_35/source/ti/drivers/lib/drivers_cc26x2.am4fg(PowerCC26X2.om4fg)
 .text.Power_getConstraintMask
                0x00000000000013a8        0xc /home/sascha/ti/simplelink_cc13x2_26x2_sdk_4_20_00_35/source/ti/drivers/lib/drivers_cc26x2.am4fg(PowerCC26X2.om4fg)
                0x00000000000013a8                Power_getConstraintMask
 .text.Power_getTransitionLatency
                0x00000000000013b4       0x1c /home/sascha/ti/simplelink_cc13x2_26x2_sdk_4_20_00_35/source/ti/drivers/lib/drivers_cc26x2.am4fg(PowerCC26X2.om4fg)
                0x00000000000013b4                Power_getTransitionLatency
 .text.Power_idleFunc
                0x00000000000013d0       0x18 /home/sascha/ti/simplelink_cc13x2_26x2_sdk_4_20_00_35/source/ti/drivers/lib/drivers_cc26x2.am4fg(PowerCC26X2.om4fg)
                0x00000000000013d0                Power_idleFunc
 .text.Power_releaseConstraint
                0x00000000000013e8       0x34 /home/sascha/ti/simplelink_cc13x2_26x2_sdk_4_20_00_35/source/ti/drivers/lib/drivers_cc26x2.am4fg(PowerCC26X2.om4fg)
                0x00000000000013e8                Power_releaseConstraint
 .text.switchXOSCHF
                0x000000000000141c       0x4c /home/sascha/ti/simplelink_cc13x2_26x2_sdk_4_20_00_35/source/ti/drivers/lib/drivers_cc26x2.am4fg(PowerCC26X2.om4fg)
 .text.oscillatorISR
                0x0000000000001468       0xbc /home/sascha/ti/simplelink_cc13x2_26x2_sdk_4_20_00_35/source/ti/drivers/lib/drivers_cc26x2.am4fg(PowerCC26X2.om4fg)
 .text.switchToTCXO
                0x0000000000001524       0x18 /home/sascha/ti/simplelink_cc13x2_26x2_sdk_4_20_00_35/source/ti/drivers/lib/drivers_cc26x2.am4fg(PowerCC26X2.om4fg)
 .text.Power_releaseDependency
                0x000000000000153c       0xc4 /home/sascha/ti/simplelink_cc13x2_26x2_sdk_4_20_00_35/source/ti/drivers/lib/drivers_cc26x2.am4fg(PowerCC26X2.om4fg)
                0x000000000000153c                Power_releaseDependency
 .text.Power_setConstraint
                0x0000000000001600       0x30 /home/sascha/ti/simplelink_cc13x2_26x2_sdk_4_20_00_35/source/ti/drivers/lib/drivers_cc26x2.am4fg(PowerCC26X2.om4fg)
                0x0000000000001600                Power_setConstraint
 .text.configureXOSCHF
                0x0000000000001630      0x130 /home/sascha/ti/simplelink_cc13x2_26x2_sdk_4_20_00_35/source/ti/drivers/lib/drivers_cc26x2.am4fg(PowerCC26X2.om4fg)
 .text.Power_init
                0x0000000000001760      0x1a0 /home/sascha/ti/simplelink_cc13x2_26x2_sdk_4_20_00_35/source/ti/drivers/lib/drivers_cc26x2.am4fg(PowerCC26X2.om4fg)
                0x0000000000001760                Power_init
 .text.Power_setDependency
                0x0000000000001900       0xd0 /home/sascha/ti/simplelink_cc13x2_26x2_sdk_4_20_00_35/source/ti/drivers/lib/drivers_cc26x2.am4fg(PowerCC26X2.om4fg)
                0x0000000000001900                Power_setDependency
 .text.Power_sleep
                0x00000000000019d0      0x1a4 /home/sascha/ti/simplelink_cc13x2_26x2_sdk_4_20_00_35/source/ti/drivers/lib/drivers_cc26x2.am4fg(PowerCC26X2.om4fg)
                0x00000000000019d0                Power_sleep
 .text.PowerCC26XX_calibrate
                0x0000000000001b74       0x18 /home/sascha/ti/simplelink_cc13x2_26x2_sdk_4_20_00_35/source/ti/drivers/lib/drivers_cc26x2.am4fg(PowerCC26X2.om4fg)
                0x0000000000001b74                PowerCC26XX_calibrate
 .text.runCalibrateFsm
                0x0000000000001b8c      0x1bc /home/sascha/ti/simplelink_cc13x2_26x2_sdk_4_20_00_35/source/ti/drivers/lib/drivers_cc26x2.am4fg(PowerCC26X2_calibrateRCOSC.om4fg)
 .text.PowerCC26X2_initiateCalibration
                0x0000000000001d48       0x74 /home/sascha/ti/simplelink_cc13x2_26x2_sdk_4_20_00_35/source/ti/drivers/lib/drivers_cc26x2.am4fg(PowerCC26X2_calibrateRCOSC.om4fg)
                0x0000000000001d48                PowerCC26X2_initiateCalibration
 .text.PowerCC26X2_auxISR
                0x0000000000001dbc      0x2d0 /home/sascha/ti/simplelink_cc13x2_26x2_sdk_4_20_00_35/source/ti/drivers/lib/drivers_cc26x2.am4fg(PowerCC26X2_calibrateRCOSC.om4fg)
                0x0000000000001dbc                PowerCC26X2_auxISR
 .text.PowerCC26X2_calibrate
                0x000000000000208c       0x14 /home/sascha/ti/simplelink_cc13x2_26x2_sdk_4_20_00_35/source/ti/drivers/lib/drivers_cc26x2.am4fg(PowerCC26X2_calibrateRCOSC.om4fg)
                0x000000000000208c                PowerCC26X2_calibrate
 .text.PowerCC26X2_RCOSC_clockFunc
                0x00000000000020a0       0x4c /home/sascha/ti/simplelink_cc13x2_26x2_sdk_4_20_00_35/source/ti/drivers/lib/drivers_cc26x2.am4fg(PowerCC26X2_calibrateRCOSC.om4fg)
                0x00000000000020a0                PowerCC26X2_RCOSC_clockFunc
 .text.ClockP_construct
                0x00000000000020ec       0x3c /home/sascha/ti/simplelink_cc13x2_26x2_sdk_4_20_00_35/kernel/tirtos/packages/ti/dpl/lib/dpl_cc26x2.am4fg(ClockP_tirtos.om4fg)
                0x00000000000020ec                ClockP_construct
 .text.ClockP_getSystemTickPeriod
                0x0000000000002128        0xc /home/sascha/ti/simplelink_cc13x2_26x2_sdk_4_20_00_35/kernel/tirtos/packages/ti/dpl/lib/dpl_cc26x2.am4fg(ClockP_tirtos.om4fg)
                0x0000000000002128                ClockP_getSystemTickPeriod
 .text.ClockP_Params_init
                0x0000000000002134        0xc /home/sascha/ti/simplelink_cc13x2_26x2_sdk_4_20_00_35/kernel/tirtos/packages/ti/dpl/lib/dpl_cc26x2.am4fg(ClockP_tirtos.om4fg)
                0x0000000000002134                ClockP_Params_init
 .text.ClockP_start
                0x0000000000002140        0x4 /home/sascha/ti/simplelink_cc13x2_26x2_sdk_4_20_00_35/kernel/tirtos/packages/ti/dpl/lib/dpl_cc26x2.am4fg(ClockP_tirtos.om4fg)
                0x0000000000002140                ClockP_start
 .text.ClockP_stop
                0x0000000000002144        0x4 /home/sascha/ti/simplelink_cc13x2_26x2_sdk_4_20_00_35/kernel/tirtos/packages/ti/dpl/lib/dpl_cc26x2.am4fg(ClockP_tirtos.om4fg)
                0x0000000000002144                ClockP_stop
 .text.HwiP_construct
                0x0000000000002148       0x38 /home/sascha/ti/simplelink_cc13x2_26x2_sdk_4_20_00_35/kernel/tirtos/packages/ti/dpl/lib/dpl_cc26x2.am4fg(HwiP_tirtos.om4fg)
                0x0000000000002148                HwiP_construct
 .text.HwiP_disable
                0x0000000000002180        0x4 /home/sascha/ti/simplelink_cc13x2_26x2_sdk_4_20_00_35/kernel/tirtos/packages/ti/dpl/lib/dpl_cc26x2.am4fg(HwiP_tirtos.om4fg)
                0x0000000000002180                HwiP_disable
 .text.HwiP_Params_init
                0x0000000000002184       0x10 /home/sascha/ti/simplelink_cc13x2_26x2_sdk_4_20_00_35/kernel/tirtos/packages/ti/dpl/lib/dpl_cc26x2.am4fg(HwiP_tirtos.om4fg)
                0x0000000000002184                HwiP_Params_init
 .text.HwiP_restore
                0x0000000000002194        0x4 /home/sascha/ti/simplelink_cc13x2_26x2_sdk_4_20_00_35/kernel/tirtos/packages/ti/dpl/lib/dpl_cc26x2.am4fg(HwiP_tirtos.om4fg)
                0x0000000000002194                HwiP_restore
 .text.SemaphoreP_constructBinary
                0x0000000000002198       0x2c /home/sascha/ti/simplelink_cc13x2_26x2_sdk_4_20_00_35/kernel/tirtos/packages/ti/dpl/lib/dpl_cc26x2.am4fg(SemaphoreP_tirtos.om4fg)
                0x0000000000002198                SemaphoreP_constructBinary
 .text.SemaphoreP_pend
                0x00000000000021c4       0x10 /home/sascha/ti/simplelink_cc13x2_26x2_sdk_4_20_00_35/kernel/tirtos/packages/ti/dpl/lib/dpl_cc26x2.am4fg(SemaphoreP_tirtos.om4fg)
                0x00000000000021c4                SemaphoreP_pend
 .text.SemaphoreP_post
                0x00000000000021d4        0x4 /home/sascha/ti/simplelink_cc13x2_26x2_sdk_4_20_00_35/kernel/tirtos/packages/ti/dpl/lib/dpl_cc26x2.am4fg(SemaphoreP_tirtos.om4fg)
                0x00000000000021d4                SemaphoreP_post
 .text.SwiP_Params_init
                0x00000000000021d8       0x10 /home/sascha/ti/simplelink_cc13x2_26x2_sdk_4_20_00_35/kernel/tirtos/packages/ti/dpl/lib/dpl_cc26x2.am4fg(SwiP_tirtos.om4fg)
                0x00000000000021d8                SwiP_Params_init
 .text.SwiP_construct
                0x00000000000021e8       0x38 /home/sascha/ti/simplelink_cc13x2_26x2_sdk_4_20_00_35/kernel/tirtos/packages/ti/dpl/lib/dpl_cc26x2.am4fg(SwiP_tirtos.om4fg)
                0x00000000000021e8                SwiP_construct
 .text.SwiP_getTrigger
                0x0000000000002220        0x4 /home/sascha/ti/simplelink_cc13x2_26x2_sdk_4_20_00_35/kernel/tirtos/packages/ti/dpl/lib/dpl_cc26x2.am4fg(SwiP_tirtos.om4fg)
                0x0000000000002220                SwiP_getTrigger
 .text.SwiP_or  0x0000000000002224        0x4 /home/sascha/ti/simplelink_cc13x2_26x2_sdk_4_20_00_35/kernel/tirtos/packages/ti/dpl/lib/dpl_cc26x2.am4fg(SwiP_tirtos.om4fg)
                0x0000000000002224                SwiP_or
 .text.PowerCC26XX_standbyPolicy
                0x0000000000002228       0xb8 /home/sascha/ti/simplelink_cc13x2_26x2_sdk_4_20_00_35/kernel/tirtos/packages/ti/dpl/lib/dpl_cc26x2.am4fg(PowerCC26X2_tirtos.om4fg)
                0x0000000000002228                PowerCC26XX_standbyPolicy
 .text.PowerCC26XX_schedulerDisable
                0x00000000000022e0       0x1c /home/sascha/ti/simplelink_cc13x2_26x2_sdk_4_20_00_35/kernel/tirtos/packages/ti/dpl/lib/dpl_cc26x2.am4fg(PowerCC26X2_tirtos.om4fg)
                0x00000000000022e0                PowerCC26XX_schedulerDisable
 .text.PowerCC26XX_schedulerRestore
                0x00000000000022fc       0x20 /home/sascha/ti/simplelink_cc13x2_26x2_sdk_4_20_00_35/kernel/tirtos/packages/ti/dpl/lib/dpl_cc26x2.am4fg(PowerCC26X2_tirtos.om4fg)
                0x00000000000022fc                PowerCC26XX_schedulerRestore
 .text.NOROM_ChipInfo_GetPackageType
                0x000000000000231c       0x18 /home/sascha/ti/simplelink_cc13x2_26x2_sdk_4_20_00_35/source/ti/devices/cc13x2_cc26x2/driverlib/bin/gcc/driverlib.lib(chipinfo.o)
                0x000000000000231c                NOROM_ChipInfo_GetPackageType
 .text.NOROM_ChipInfo_GetChipFamily
                0x0000000000002334       0x1c /home/sascha/ti/simplelink_cc13x2_26x2_sdk_4_20_00_35/source/ti/devices/cc13x2_cc26x2/driverlib/bin/gcc/driverlib.lib(chipinfo.o)
                0x0000000000002334                NOROM_ChipInfo_GetChipFamily
 .text.NOROM_ChipInfo_GetChipType
                0x0000000000002350       0x58 /home/sascha/ti/simplelink_cc13x2_26x2_sdk_4_20_00_35/source/ti/devices/cc13x2_cc26x2/driverlib/bin/gcc/driverlib.lib(chipinfo.o)
                0x0000000000002350                NOROM_ChipInfo_GetChipType
 .text.NOROM_ChipInfo_GetHwRevision
                0x00000000000023a8       0x44 /home/sascha/ti/simplelink_cc13x2_26x2_sdk_4_20_00_35/source/ti/devices/cc13x2_cc26x2/driverlib/bin/gcc/driverlib.lib(chipinfo.o)
                0x00000000000023a8                NOROM_ChipInfo_GetHwRevision
 .text.NOROM_ThisLibraryIsFor_CC13x2_CC26x2_HwRev20AndLater_HaltIfViolated
                0x00000000000023ec       0x16 /home/sascha/ti/simplelink_cc13x2_26x2_sdk_4_20_00_35/source/ti/devices/cc13x2_cc26x2/driverlib/bin/gcc/driverlib.lib(chipinfo.o)
                0x00000000000023ec                NOROM_ThisLibraryIsFor_CC13x2_CC26x2_HwRev20AndLater_HaltIfViolated
 .text.NOROM_CPUcpsid
                0x0000000000002402        0x8 /home/sascha/ti/simplelink_cc13x2_26x2_sdk_4_20_00_35/source/ti/devices/cc13x2_cc26x2/driverlib/bin/gcc/driverlib.lib(cpu.o)
                0x0000000000002402                NOROM_CPUcpsid
 .text.NOROM_CPUcpsie
                0x000000000000240a        0x8 /home/sascha/ti/simplelink_cc13x2_26x2_sdk_4_20_00_35/source/ti/devices/cc13x2_cc26x2/driverlib/bin/gcc/driverlib.lib(cpu.o)
                0x000000000000240a                NOROM_CPUcpsie
 .text.NOROM_CPUdelay
                0x0000000000002412        0x6 /home/sascha/ti/simplelink_cc13x2_26x2_sdk_4_20_00_35/source/ti/devices/cc13x2_cc26x2/driverlib/bin/gcc/driverlib.lib(cpu.o)
                0x0000000000002412                NOROM_CPUdelay
 .text.OSCHfSourceSwitch
                0x0000000000002418       0x34 /home/sascha/ti/simplelink_cc13x2_26x2_sdk_4_20_00_35/source/ti/devices/cc13x2_cc26x2/driverlib/bin/gcc/driverlib.lib(osc.o)
 .text.multiplyColumns
                0x000000000000244c      0x15c /home/sascha/ti/simplelink_cc13x2_26x2_sdk_4_20_00_35/source/ti/devices/cc13x2_cc26x2/driverlib/bin/gcc/driverlib.lib(osc.o)
 .text.findNumerator
                0x00000000000025a8       0xaa /home/sascha/ti/simplelink_cc13x2_26x2_sdk_4_20_00_35/source/ti/devices/cc13x2_cc26x2/driverlib/bin/gcc/driverlib.lib(osc.o)
 *fill*         0x0000000000002652        0x2 
 .text.findHposcCoefficients
                0x0000000000002654      0x2a0 /home/sascha/ti/simplelink_cc13x2_26x2_sdk_4_20_00_35/source/ti/devices/cc13x2_cc26x2/driverlib/bin/gcc/driverlib.lib(osc.o)
 .text.findHposcPc
                0x00000000000028f4      0x156 /home/sascha/ti/simplelink_cc13x2_26x2_sdk_4_20_00_35/source/ti/devices/cc13x2_cc26x2/driverlib/bin/gcc/driverlib.lib(osc.o)
 *fill*         0x0000000000002a4a        0x2 
 .text.NOROM_OSCHF_TurnOnXosc
                0x0000000000002a4c       0x24 /home/sascha/ti/simplelink_cc13x2_26x2_sdk_4_20_00_35/source/ti/devices/cc13x2_cc26x2/driverlib/bin/gcc/driverlib.lib(osc.o)
                0x0000000000002a4c                NOROM_OSCHF_TurnOnXosc
 .text.NOROM_OSCHF_AttemptToSwitchToXosc
                0x0000000000002a70       0x68 /home/sascha/ti/simplelink_cc13x2_26x2_sdk_4_20_00_35/source/ti/devices/cc13x2_cc26x2/driverlib/bin/gcc/driverlib.lib(osc.o)
                0x0000000000002a70                NOROM_OSCHF_AttemptToSwitchToXosc
 .text.NOROM_OSCHF_SwitchToRcOscTurnOffXosc
                0x0000000000002ad8       0x40 /home/sascha/ti/simplelink_cc13x2_26x2_sdk_4_20_00_35/source/ti/devices/cc13x2_cc26x2/driverlib/bin/gcc/driverlib.lib(osc.o)
                0x0000000000002ad8                NOROM_OSCHF_SwitchToRcOscTurnOffXosc
 .text.NOROM_OSC_HPOSCInitializeFrequencyOffsetParameters
                0x0000000000002b18       0x9c /home/sascha/ti/simplelink_cc13x2_26x2_sdk_4_20_00_35/source/ti/devices/cc13x2_cc26x2/driverlib/bin/gcc/driverlib.lib(osc.o)
                0x0000000000002b18                NOROM_OSC_HPOSCInitializeFrequencyOffsetParameters
 .text.NOROM_OSC_HPOSCRelativeFrequencyOffsetGet
                0x0000000000002bb4       0x40 /home/sascha/ti/simplelink_cc13x2_26x2_sdk_4_20_00_35/source/ti/devices/cc13x2_cc26x2/driverlib/bin/gcc/driverlib.lib(osc.o)
                0x0000000000002bb4                NOROM_OSC_HPOSCRelativeFrequencyOffsetGet
 .text.NOROM_PRCMPowerDomainsAllOff
                0x0000000000002bf4       0x40 /home/sascha/ti/simplelink_cc13x2_26x2_sdk_4_20_00_35/source/ti/devices/cc13x2_cc26x2/driverlib/bin/gcc/driverlib.lib(prcm.o)
                0x0000000000002bf4                NOROM_PRCMPowerDomainsAllOff
 .text.NOROM_PRCMPowerDomainsAllOn
                0x0000000000002c34       0x3c /home/sascha/ti/simplelink_cc13x2_26x2_sdk_4_20_00_35/source/ti/devices/cc13x2_cc26x2/driverlib/bin/gcc/driverlib.lib(prcm.o)
                0x0000000000002c34                NOROM_PRCMPowerDomainsAllOn
 .text.TrimAfterColdResetWakeupFromShutDown
                0x0000000000002c70       0xc8 /home/sascha/ti/simplelink_cc13x2_26x2_sdk_4_20_00_35/source/ti/devices/cc13x2_cc26x2/driverlib/bin/gcc/driverlib.lib(setup.o)
 .text.NOROM_SetupTrimDevice
                0x0000000000002d38       0x98 /home/sascha/ti/simplelink_cc13x2_26x2_sdk_4_20_00_35/source/ti/devices/cc13x2_cc26x2/driverlib/bin/gcc/driverlib.lib(setup.o)
                0x0000000000002d38                NOROM_SetupTrimDevice
 .text.NOROM_SysCtrlIdle
                0x0000000000002dd0       0x38 /home/sascha/ti/simplelink_cc13x2_26x2_sdk_4_20_00_35/source/ti/devices/cc13x2_cc26x2/driverlib/bin/gcc/driverlib.lib(sys_ctrl.o)
                0x0000000000002dd0                NOROM_SysCtrlIdle
 .text.NOROM_SysCtrlSetRechargeBeforePowerDown
                0x0000000000002e08       0x7c /home/sascha/ti/simplelink_cc13x2_26x2_sdk_4_20_00_35/source/ti/devices/cc13x2_cc26x2/driverlib/bin/gcc/driverlib.lib(sys_ctrl.o)
                0x0000000000002e08                NOROM_SysCtrlSetRechargeBeforePowerDown
 .text.NOROM_SysCtrlStandby
                0x0000000000002e84      0x100 /home/sascha/ti/simplelink_cc13x2_26x2_sdk_4_20_00_35/source/ti/devices/cc13x2_cc26x2/driverlib/bin/gcc/driverlib.lib(sys_ctrl.o)
                0x0000000000002e84                NOROM_SysCtrlStandby
 .text.NOROM_AUXSYSIFOpModeChange
                0x0000000000002f84       0x3c /home/sascha/ti/simplelink_cc13x2_26x2_sdk_4_20_00_35/source/ti/devices/cc13x2_cc26x2/driverlib/bin/gcc/driverlib.lib(aux_sysif.o)
                0x0000000000002f84                NOROM_AUXSYSIFOpModeChange
 .text.memcpy   0x0000000000002fc0       0x1c /home/sascha/ti/simplelink_cc13x2_26x2_sdk_4_20_00_35/kernel/tirtos/packages/gnu/targets/arm/libs/install-native/arm-none-eabi/lib/thumb/v7e-m/hard/libc_nano.a(lib_a-memcpy-stub.o)
                0x0000000000002fc0                memcpy
 .text.memset   0x0000000000002fdc       0x10 /home/sascha/ti/simplelink_cc13x2_26x2_sdk_4_20_00_35/kernel/tirtos/packages/gnu/targets/arm/libs/install-native/arm-none-eabi/lib/thumb/v7e-m/hard/libc_nano.a(lib_a-memset.o)
                0x0000000000002fdc                memset
 .text._write   0x0000000000002fec       0x10 /home/sascha/ti/simplelink_cc13x2_26x2_sdk_4_20_00_35/kernel/tirtos/packages/gnu/targets/arm/libs/install-native/arm-none-eabi/lib/thumb/v7e-m/hard/libnosys.a(write.o)
                0x0000000000002fec                _write
 *fill*         0x0000000000002ffc        0x4 
 .text._write.__stub
                0x0000000000003000      0x158 linker stubs
                0x0000000000003158                . = ALIGN (0x4)
 *(.ctors)
                0x0000000000003158                . = ALIGN (0x4)
 *(.dtors)
                0x0000000000003158                . = ALIGN (0x4)
                0x0000000000003158                __init_array_start = .
 *(.init_array*)
                0x0000000000003158                __init_array_end = .
 *(.init)
 *(.fini*)
                [!provide]                        PROVIDE (__etext = .)
                [!provide]                        PROVIDE (_etext = .)
                [!provide]                        PROVIDE (etext = .)

.glue_7         0x0000000000003158        0x0
 .glue_7        0x0000000000003158        0x0 linker stubs

.glue_7t        0x0000000000003158        0x0
 .glue_7t       0x0000000000003158        0x0 linker stubs

.vfp11_veneer   0x0000000000003158        0x0
 .vfp11_veneer  0x0000000000003158        0x0 linker stubs

.v4_bx          0x0000000000003158        0x0
 .v4_bx         0x0000000000003158        0x0 linker stubs

.iplt           0x0000000000003158        0x0
 .iplt          0x0000000000003158        0x0 ./CC2652RB_LAUNCHXL_fxns.o

.c_int00        0x0000000000003158       0x44
 .c_int00       0x0000000000003158       0x44 /home/sascha/ti/simplelink_cc13x2_26x2_sdk_4_20_00_35/kernel/tirtos/packages/gnu/targets/arm/rtsv7M/lib/boot.am4fg(boot.om4fg)
                0x0000000000003158                _c_int00
                0x0000000000003182                _reset_fxns_done_

.rodata         0x00000000000031a0      0x599
 *(.rodata)
 .rodata        0x00000000000031a0       0x1c ./CC2652RB_LAUNCHXL_fxns.o
 *fill*         0x00000000000031bc        0x4 
 .rodata        0x00000000000031c0       0x70 /home/sascha/ti/simplelink_cc13x2_26x2_sdk_4_20_00_35/source/ti/devices/cc13x2_cc26x2/driverlib/bin/gcc/driverlib.lib(osc.o)
 *(.rodata.*)
 .rodata.BoardGpioInitTable
                0x0000000000003230        0x8 ./syscfg/ti_drivers_config.o
                0x0000000000003230                BoardGpioInitTable
 .rodata.PINCC26XX_hwAttrs
                0x0000000000003238        0x8 ./syscfg/ti_drivers_config.o
                0x0000000000003238                PINCC26XX_hwAttrs
 .rodata.PowerCC26X2_config
                0x0000000000003240       0x14 ./syscfg/ti_drivers_config.o
                0x0000000000003240                PowerCC26X2_config
 .rodata.str1.4
                0x0000000000003254       0x48 /home/sascha/workspace_ccs/4.2.00.35/blinky/Debug/configPkg/package/cfg/blinky_pm4fg.om4fg
 .rodata.xdc_runtime_System_formatNum__I.str1.1
                0x000000000000329c       0x11 /home/sascha/workspace_ccs/4.2.00.35/blinky/src/sysbios/rom_sysbios.am4fg(runtime_System.o)
 *fill*         0x00000000000032ad        0x3 
 .rodata.resourceDB
                0x00000000000032b0       0x54 /home/sascha/ti/simplelink_cc13x2_26x2_sdk_4_20_00_35/source/ti/drivers/lib/drivers_cc26x2.am4fg(PowerCC26X2.om4fg)
                0x00000000000032b0                resourceDB
 .rodata.g_OpMode_to_order
                0x0000000000003304        0x4 /home/sascha/ti/simplelink_cc13x2_26x2_sdk_4_20_00_35/source/ti/devices/cc13x2_cc26x2/driverlib/bin/gcc/driverlib.lib(aux_sysif.o)
 .rodata.g_Order_to_OpMode
                0x0000000000003308        0x4 /home/sascha/ti/simplelink_cc13x2_26x2_sdk_4_20_00_35/source/ti/devices/cc13x2_cc26x2/driverlib/bin/gcc/driverlib.lib(aux_sysif.o)
 *(.rodata_*)
 .rodata_ROM_constStruct
                0x000000000000330c      0x3b8 /home/sascha/workspace_ccs/4.2.00.35/blinky/Debug/configPkg/package/cfg/blinky_pm4fg.om4fg
                0x000000000000330c                ROM_constStruct
 .rodata_ti_sysbios_family_arm_m3_Hwi_excHookFuncs__A
                0x00000000000036c4        0x8 /home/sascha/workspace_ccs/4.2.00.35/blinky/Debug/configPkg/package/cfg/blinky_pm4fg.om4fg
                0x00000000000036c4                ti_sysbios_family_arm_m3_Hwi_excHookFuncs__A
 .rodata_ti_sysbios_heaps_HeapMem_primaryHeapBaseAddr__C
                0x00000000000036cc        0x4 /home/sascha/workspace_ccs/4.2.00.35/blinky/Debug/configPkg/package/cfg/blinky_pm4fg.om4fg
                0x00000000000036cc                ti_sysbios_heaps_HeapMem_primaryHeapBaseAddr__C
 .rodata_ti_sysbios_heaps_HeapMem_primaryHeapEndAddr__C
                0x00000000000036d0        0x4 /home/sascha/workspace_ccs/4.2.00.35/blinky/Debug/configPkg/package/cfg/blinky_pm4fg.om4fg
                0x00000000000036d0                ti_sysbios_heaps_HeapMem_primaryHeapEndAddr__C
 .rodata_ti_sysbios_knl_Clock_tickPeriod__C
                0x00000000000036d4        0x4 /home/sascha/workspace_ccs/4.2.00.35/blinky/Debug/configPkg/package/cfg/blinky_pm4fg.om4fg
                0x00000000000036d4                ti_sysbios_knl_Clock_tickPeriod__C
 .rodata_ti_sysbios_knl_Idle_funcList__A
                0x00000000000036d8        0x4 /home/sascha/workspace_ccs/4.2.00.35/blinky/Debug/configPkg/package/cfg/blinky_pm4fg.om4fg
                0x00000000000036d8                ti_sysbios_knl_Idle_funcList__A
 .rodata_xdc_runtime_Startup_firstFxns__A
                0x00000000000036dc        0xc /home/sascha/workspace_ccs/4.2.00.35/blinky/Debug/configPkg/package/cfg/blinky_pm4fg.om4fg
                0x00000000000036dc                xdc_runtime_Startup_firstFxns__A
 .rodata_xdc_runtime_Startup_sfxnRts__A
                0x00000000000036e8       0x16 /home/sascha/workspace_ccs/4.2.00.35/blinky/Debug/configPkg/package/cfg/blinky_pm4fg.om4fg
                0x00000000000036e8                xdc_runtime_Startup_sfxnRts__A
 *fill*         0x00000000000036fe        0x2 
 .rodata_xdc_runtime_Startup_sfxnTab__A
                0x0000000000003700       0x2c /home/sascha/workspace_ccs/4.2.00.35/blinky/Debug/configPkg/package/cfg/blinky_pm4fg.om4fg
                0x0000000000003700                xdc_runtime_Startup_sfxnTab__A
 .rodata_xdc_runtime_SysMin_bufSize__C
                0x000000000000372c        0x4 /home/sascha/workspace_ccs/4.2.00.35/blinky/Debug/configPkg/package/cfg/blinky_pm4fg.om4fg
                0x000000000000372c                xdc_runtime_SysMin_bufSize__C
 .rodata_xdc_runtime_SysMin_flushAtExit__C
                0x0000000000003730        0x2 /home/sascha/workspace_ccs/4.2.00.35/blinky/Debug/configPkg/package/cfg/blinky_pm4fg.om4fg
                0x0000000000003730                xdc_runtime_SysMin_flushAtExit__C
 *fill*         0x0000000000003732        0x2 
 .rodata_xdc_runtime_SysMin_outputFunc__C
                0x0000000000003734        0x4 /home/sascha/workspace_ccs/4.2.00.35/blinky/Debug/configPkg/package/cfg/blinky_pm4fg.om4fg
                0x0000000000003734                xdc_runtime_SysMin_outputFunc__C
 .rodata_xdc_runtime_Text_charTab__A
                0x0000000000003738        0x1 /home/sascha/workspace_ccs/4.2.00.35/blinky/Debug/configPkg/package/cfg/blinky_pm4fg.om4fg
                0x0000000000003738                xdc_runtime_Text_charTab__A

.const_ROM_externFuncPtrs
                0x000000000000373c       0x48
 .const_ROM_externFuncPtrs
                0x000000000000373c       0x48 /home/sascha/workspace_ccs/4.2.00.35/blinky/Debug/configPkg/package/cfg/blinky_pm4fg.om4fg
                0x000000000000373c                ROM_externFuncPtrs

.data           0x0000000020000110      0x364 load address 0x0000000000003784
                0x0000000000003784                __data_load__ = LOADADDR (.data)
                0x0000000020000110                __data_start__ = .
 *(.data)
 *(.data.*)
 .data.LedPinTable
                0x0000000020000110        0xc ./led_task.o
                0x0000000020000110                LedPinTable
 *fill*         0x000000002000011c        0x4 
 .data.ti_sysbios_family_arm_cc26xx_Timer_Object__table__V
                0x0000000020000120       0x48 /home/sascha/workspace_ccs/4.2.00.35/blinky/Debug/configPkg/package/cfg/blinky_pm4fg.om4fg
                0x0000000020000120                ti_sysbios_family_arm_cc26xx_Timer_Object__table__V
 .data.ti_sysbios_family_arm_m3_Hwi_Module__root__V
                0x0000000020000168        0x8 /home/sascha/workspace_ccs/4.2.00.35/blinky/Debug/configPkg/package/cfg/blinky_pm4fg.om4fg
                0x0000000020000168                ti_sysbios_family_arm_m3_Hwi_Module__root__V
 .data.ti_sysbios_family_arm_m3_Hwi_Object__table__V
                0x0000000020000170       0x18 /home/sascha/workspace_ccs/4.2.00.35/blinky/Debug/configPkg/package/cfg/blinky_pm4fg.om4fg
                0x0000000020000170                ti_sysbios_family_arm_m3_Hwi_Object__table__V
 .data.ti_sysbios_gates_GateHwi_Module__root__V
                0x0000000020000188        0x8 /home/sascha/workspace_ccs/4.2.00.35/blinky/Debug/configPkg/package/cfg/blinky_pm4fg.om4fg
                0x0000000020000188                ti_sysbios_gates_GateHwi_Module__root__V
 .data.ti_sysbios_gates_GateMutex_Module__root__V
                0x0000000020000190        0x8 /home/sascha/workspace_ccs/4.2.00.35/blinky/Debug/configPkg/package/cfg/blinky_pm4fg.om4fg
                0x0000000020000190                ti_sysbios_gates_GateMutex_Module__root__V
 .data.ti_sysbios_gates_GateMutex_Object__table__V
                0x0000000020000198       0x38 /home/sascha/workspace_ccs/4.2.00.35/blinky/Debug/configPkg/package/cfg/blinky_pm4fg.om4fg
                0x0000000020000198                ti_sysbios_gates_GateMutex_Object__table__V
 .data.ti_sysbios_hal_Hwi_Module__root__V
                0x00000000200001d0        0x8 /home/sascha/workspace_ccs/4.2.00.35/blinky/Debug/configPkg/package/cfg/blinky_pm4fg.om4fg
                0x00000000200001d0                ti_sysbios_hal_Hwi_Module__root__V
 .data.ti_sysbios_heaps_HeapMem_Module__root__V
                0x00000000200001d8        0x8 /home/sascha/workspace_ccs/4.2.00.35/blinky/Debug/configPkg/package/cfg/blinky_pm4fg.om4fg
                0x00000000200001d8                ti_sysbios_heaps_HeapMem_Module__root__V
 .data.ti_sysbios_heaps_HeapMem_Object__table__V
                0x00000000200001e0       0x18 /home/sascha/workspace_ccs/4.2.00.35/blinky/Debug/configPkg/package/cfg/blinky_pm4fg.om4fg
                0x00000000200001e0                ti_sysbios_heaps_HeapMem_Object__table__V
 .data.ti_sysbios_knl_Clock_Module__root__V
                0x00000000200001f8        0x8 /home/sascha/workspace_ccs/4.2.00.35/blinky/Debug/configPkg/package/cfg/blinky_pm4fg.om4fg
                0x00000000200001f8                ti_sysbios_knl_Clock_Module__root__V
 .data.ti_sysbios_knl_Clock_Object__table__V
                0x0000000020000200       0x20 /home/sascha/workspace_ccs/4.2.00.35/blinky/Debug/configPkg/package/cfg/blinky_pm4fg.om4fg
                0x0000000020000200                ti_sysbios_knl_Clock_Object__table__V
 .data.ti_sysbios_knl_Event_Module__root__V
                0x0000000020000220        0x8 /home/sascha/workspace_ccs/4.2.00.35/blinky/Debug/configPkg/package/cfg/blinky_pm4fg.om4fg
                0x0000000020000220                ti_sysbios_knl_Event_Module__root__V
 .data.ti_sysbios_knl_Mailbox_Module__root__V
                0x0000000020000228        0x8 /home/sascha/workspace_ccs/4.2.00.35/blinky/Debug/configPkg/package/cfg/blinky_pm4fg.om4fg
                0x0000000020000228                ti_sysbios_knl_Mailbox_Module__root__V
 .data.ti_sysbios_knl_Queue_Module__root__V
                0x0000000020000230        0x8 /home/sascha/workspace_ccs/4.2.00.35/blinky/Debug/configPkg/package/cfg/blinky_pm4fg.om4fg
                0x0000000020000230                ti_sysbios_knl_Queue_Module__root__V
 .data.ti_sysbios_knl_Semaphore_Module__root__V
                0x0000000020000238        0x8 /home/sascha/workspace_ccs/4.2.00.35/blinky/Debug/configPkg/package/cfg/blinky_pm4fg.om4fg
                0x0000000020000238                ti_sysbios_knl_Semaphore_Module__root__V
 .data.ti_sysbios_knl_Swi_Module_State_0_readyQ__A
                0x0000000020000240       0x30 /home/sascha/workspace_ccs/4.2.00.35/blinky/Debug/configPkg/package/cfg/blinky_pm4fg.om4fg
                0x0000000020000240                ti_sysbios_knl_Swi_Module_State_0_readyQ__A
 .data.ti_sysbios_knl_Swi_Module__root__V
                0x0000000020000270        0x8 /home/sascha/workspace_ccs/4.2.00.35/blinky/Debug/configPkg/package/cfg/blinky_pm4fg.om4fg
                0x0000000020000270                ti_sysbios_knl_Swi_Module__root__V
 .data.ti_sysbios_knl_Swi_Object__table__V
                0x0000000020000278       0x30 /home/sascha/workspace_ccs/4.2.00.35/blinky/Debug/configPkg/package/cfg/blinky_pm4fg.om4fg
                0x0000000020000278                ti_sysbios_knl_Swi_Object__table__V
 .data.ti_sysbios_knl_Task_Module_State_0_idleTask__A
                0x00000000200002a8        0x4 /home/sascha/workspace_ccs/4.2.00.35/blinky/Debug/configPkg/package/cfg/blinky_pm4fg.om4fg
                0x00000000200002a8                ti_sysbios_knl_Task_Module_State_0_idleTask__A
 .data.ti_sysbios_knl_Task_Module_State_0_readyQ__A
                0x00000000200002ac       0x20 /home/sascha/workspace_ccs/4.2.00.35/blinky/Debug/configPkg/package/cfg/blinky_pm4fg.om4fg
                0x00000000200002ac                ti_sysbios_knl_Task_Module_State_0_readyQ__A
 .data.ti_sysbios_knl_Task_Module__root__V
                0x00000000200002cc        0x8 /home/sascha/workspace_ccs/4.2.00.35/blinky/Debug/configPkg/package/cfg/blinky_pm4fg.om4fg
                0x00000000200002cc                ti_sysbios_knl_Task_Module__root__V
 .data.ti_sysbios_knl_Task_Object__table__V
                0x00000000200002d4       0x4c /home/sascha/workspace_ccs/4.2.00.35/blinky/Debug/configPkg/package/cfg/blinky_pm4fg.om4fg
                0x00000000200002d4                ti_sysbios_knl_Task_Object__table__V
 .data.xdc_runtime_Error_IgnoreBlock
                0x0000000020000320       0x20 /home/sascha/workspace_ccs/4.2.00.35/blinky/Debug/configPkg/package/cfg/blinky_pm4fg.om4fg
                0x0000000020000320                xdc_runtime_Error_IgnoreBlock
 .data.PowerCC26X2_module
                0x0000000020000340      0x134 /home/sascha/ti/simplelink_cc13x2_26x2_sdk_4_20_00_35/source/ti/drivers/lib/drivers_cc26x2.am4fg(PowerCC26X2.om4fg)
                0x0000000020000340                PowerCC26X2_module
                0x0000000020000474                . = ALIGN (0x4)
                0x0000000020000474                __data_end__ = .

.igot.plt       0x0000000020000474        0x0 load address 0x0000000000003ae8
 .igot.plt      0x0000000020000474        0x0 ./CC2652RB_LAUNCHXL_fxns.o

.ARM.exidx      0x0000000000003ae8        0x8
                0x0000000000003ae8                __exidx_start = .
 *(.ARM.exidx* .gnu.linkonce.armexidx.*)
 .ARM.exidx     0x0000000000003ae8        0x8 /home/sascha/ti/ccs1000/ccs/tools/compiler/gcc-arm-none-eabi-9-2019-q4-major/bin/../lib/gcc/arm-none-eabi/9.2.1/thumb/v7e-m+fp/hard/libgcc.a(_udivmoddi4.o)
                0x0000000000003af0                __exidx_end = .

.ARM.extab
 *(.ARM.extab* .gnu.linkonce.armextab.*)

.nvs
 *(.nvs)

.ccfg           0x0000000000057fa8       0x58
 *(.ccfg)
 .ccfg          0x0000000000057fa8       0x58 ./syscfg/ti_devices_config.o
                0x0000000000057fa8                __ccfg

.rel.dyn        0x0000000000058000        0x0
 .rel.iplt      0x0000000000058000        0x0 ./CC2652RB_LAUNCHXL_fxns.o

.bss            0x0000000020000478      0x894
                0x0000000020000478                __bss_start__ = .
 *(.shbss)
 *(.bss)
 .bss           0x0000000020000478      0x200 /home/sascha/workspace_ccs/4.2.00.35/blinky/Debug/configPkg/package/cfg/blinky_pm4fg.om4fg
                0x0000000020000478                ti_sysbios_knl_Task_Instance_State_0_stack__A
 *(.bss.*)
 .bss.stack.10236
                0x0000000020000678      0x200 ./led_task.o
 .bss.ti_sysbios_family_arm_m3_Hwi_Module_State_0_excActive__A
                0x0000000020000878        0x2 /home/sascha/workspace_ccs/4.2.00.35/blinky/Debug/configPkg/package/cfg/blinky_pm4fg.om4fg
                0x0000000020000878                ti_sysbios_family_arm_m3_Hwi_Module_State_0_excActive__A
 *fill*         0x000000002000087a        0x2 
 .bss.ti_sysbios_family_arm_m3_Hwi_Module_State_0_excContext__A
                0x000000002000087c        0x4 /home/sascha/workspace_ccs/4.2.00.35/blinky/Debug/configPkg/package/cfg/blinky_pm4fg.om4fg
                0x000000002000087c                ti_sysbios_family_arm_m3_Hwi_Module_State_0_excContext__A
 .bss.ti_sysbios_family_arm_m3_Hwi_Module_State_0_excStack__A
                0x0000000020000880        0x4 /home/sascha/workspace_ccs/4.2.00.35/blinky/Debug/configPkg/package/cfg/blinky_pm4fg.om4fg
                0x0000000020000880                ti_sysbios_family_arm_m3_Hwi_Module_State_0_excStack__A
 .bss.xdc_runtime_System_Module_State_0_atexitHandlers__A
                0x0000000020000884        0x8 /home/sascha/workspace_ccs/4.2.00.35/blinky/Debug/configPkg/package/cfg/blinky_pm4fg.om4fg
                0x0000000020000884                xdc_runtime_System_Module_State_0_atexitHandlers__A
 .bss.defaultPinConfig
                0x000000002000088c        0x4 /home/sascha/ti/simplelink_cc13x2_26x2_sdk_4_20_00_35/source/ti/drivers/lib/drivers_cc26x2.am4fg(PINCC26XX.om4fg)
 .bss.pinGpioConfigTable
                0x0000000020000890       0x1f /home/sascha/ti/simplelink_cc13x2_26x2_sdk_4_20_00_35/source/ti/drivers/lib/drivers_cc26x2.am4fg(PINCC26XX.om4fg)
 *fill*         0x00000000200008af        0x1 
 .bss.pinHwi    0x00000000200008b0       0x1c /home/sascha/ti/simplelink_cc13x2_26x2_sdk_4_20_00_35/source/ti/drivers/lib/drivers_cc26x2.am4fg(PINCC26XX.om4fg)
 .bss.pinLowerBound
                0x00000000200008cc        0x4 /home/sascha/ti/simplelink_cc13x2_26x2_sdk_4_20_00_35/source/ti/drivers/lib/drivers_cc26x2.am4fg(PINCC26XX.om4fg)
                0x00000000200008cc                pinLowerBound
 .bss.pinSemaphore
                0x00000000200008d0       0x1c /home/sascha/ti/simplelink_cc13x2_26x2_sdk_4_20_00_35/source/ti/drivers/lib/drivers_cc26x2.am4fg(PINCC26XX.om4fg)
 .bss.pinSwi    0x00000000200008ec       0x34 /home/sascha/ti/simplelink_cc13x2_26x2_sdk_4_20_00_35/source/ti/drivers/lib/drivers_cc26x2.am4fg(PINCC26XX.om4fg)
 .bss.pinUpperBound
                0x0000000020000920        0x4 /home/sascha/ti/simplelink_cc13x2_26x2_sdk_4_20_00_35/source/ti/drivers/lib/drivers_cc26x2.am4fg(PINCC26XX.om4fg)
                0x0000000020000920                pinUpperBound
 .bss._hposcCoeffs
                0x0000000020000924       0x10 /home/sascha/ti/simplelink_cc13x2_26x2_sdk_4_20_00_35/source/ti/devices/cc13x2_cc26x2/driverlib/bin/gcc/driverlib.lib(osc.o)
                0x0000000020000924                _hposcCoeffs
 .bss.oscHfGlobals
                0x0000000020000934       0x14 /home/sascha/ti/simplelink_cc13x2_26x2_sdk_4_20_00_35/source/ti/devices/cc13x2_cc26x2/driverlib/bin/gcc/driverlib.lib(osc.o)
 *(COMMON)
 COMMON         0x0000000020000948       0x60 ./led_task.o
                0x0000000020000948                LedPinState
                0x0000000020000954                ledTask_struct
                0x00000000200009a4                hLedPins
 COMMON         0x00000000200009a8      0x2d8 /home/sascha/workspace_ccs/4.2.00.35/blinky/Debug/configPkg/package/cfg/blinky_pm4fg.om4fg
                0x00000000200009a8                xdc_runtime_SysMin_Module_State_0_outbuf__A
                0x0000000020000ba8                ti_sysbios_family_arm_m3_Hwi_dispatchTable
 COMMON         0x0000000020000c80       0x7c /home/sascha/ti/simplelink_cc13x2_26x2_sdk_4_20_00_35/source/ti/drivers/lib/drivers_cc26x2.am4fg(PINCC26XX.om4fg)
                0x0000000020000c80                pinHandleTable
 COMMON         0x0000000020000cfc        0x8 /home/sascha/ti/simplelink_cc13x2_26x2_sdk_4_20_00_35/kernel/tirtos/packages/ti/dpl/lib/dpl_cc26x2.am4fg(PowerCC26X2_tirtos.om4fg)
                0x0000000020000cfc                PowerCC26XX_swiKey
                0x0000000020000d00                PowerCC26XX_taskKey
 COMMON         0x0000000020000d04        0x1 /home/sascha/ti/simplelink_cc13x2_26x2_sdk_4_20_00_35/source/ti/devices/cc13x2_cc26x2/driverlib/bin/gcc/driverlib.lib(driverlib_release.o)
                0x0000000020000d04                driverlib_release_0_57398
 *fill*         0x0000000020000d05        0x3 
 COMMON         0x0000000020000d08        0x4 /home/sascha/ti/simplelink_cc13x2_26x2_sdk_4_20_00_35/kernel/tirtos/packages/gnu/targets/arm/libs/install-native/arm-none-eabi/lib/thumb/v7e-m/hard/libc_nano.a(lib_a-reent.o)
                0x0000000020000d08                errno
                0x0000000020000d0c                . = ALIGN (0x4)
                0x0000000020000d0c                __bss_end__ = .

.heap           0x0000000020000d0c        0x0
                0x0000000020000d0c                __heap_start__ = .
                0x0000000020000d0c                end = __heap_start__
                0x0000000020000d0c                _end = end
                0x0000000020000d0c                __end = end
 *(.heap)
                0x0000000020000d0c                __heap_end__ = .
                0x0000000020000d0c                __HeapLimit = __heap_end__

.priheap        0x0000000020000d0c     0x1004
                0x0000000020000d10                . = ALIGN (0x8)
 *fill*         0x0000000020000d0c        0x4 
                0x0000000020000d10                __primary_heap_start__ = .
                0x0000000020001d10                . = (. + HEAPSIZE)
 *fill*         0x0000000020000d10     0x1000 
                0x0000000020001d10                __primary_heap_end__ = .

.stack          0x0000000020001d10      0x400
                0x0000000020001d10                _stack = .
                0x0000000020001d10                __stack = .
 *(.stack)
 .stack         0x0000000020001d10        0x0 /home/sascha/workspace_ccs/4.2.00.35/blinky/Debug/configPkg/package/cfg/blinky_pm4fg.om4fg
                0x0000000020001d10                ti_platforms_simplelink_stack
                0x0000000020002110                . = (. + STACKSIZE)
 *fill*         0x0000000020001d10      0x400 
                0x0000000000000400                __STACK_SIZE = STACKSIZE
                0x0000000000000400                __TI_STACK_SIZE = __STACK_SIZE
LOAD /home/sascha/workspace_ccs/4.2.00.35/blinky/Debug/configPkg/package/cfg/blinky_pm4fg.om4fg
LOAD /home/sascha/workspace_ccs/4.2.00.35/blinky/src/sysbios/rom_sysbios.am4fg
LOAD /home/sascha/ti/simplelink_cc13x2_26x2_sdk_4_20_00_35/kernel/tirtos/packages/gnu/targets/arm/rtsv7M/lib/boot.am4fg
LOAD /home/sascha/ti/ccs1000/xdctools_3_61_00_16_core/packages/xdc/rov/runtime/lib/xdc.rov.runtime.am4fg
                0x0000000000000001                xdc_runtime_Startup__EXECFXN__C = 0x1
                0x0000000000000001                xdc_runtime_Startup__RESETFXN__C = 0x1
                0x0000000000000001                xdc_rov_runtime_Mon__checksum = 0x1
                0x0000000000000001                xdc_rov_runtime_Mon__write = 0x1

.bootVecs
 *(.bootVecs)

xdc.meta        0x0000000000003af0       0xe7
 *(xdc.meta)
 xdc.meta       0x0000000000003af0       0xe7 /home/sascha/workspace_ccs/4.2.00.35/blinky/Debug/configPkg/package/cfg/blinky_pm4fg.om4fg
                0x0000000000003af0                __TRDR__
                0x0000000000003b14                __TARG__
                0x0000000000003b38                __PLAT__
                0x0000000000003b60                __ISA__
                0x0000000000003b74                __ASM__
                0x0000000000000000                _intvecs_base_address = 0x0
                0x0000000020000000                _vtable_base_address = 0x20000000
                0x00000000e000e000                ti_sysbios_family_arm_m3_Hwi_nvic = 0xe000e000
                0x000000001002e5b9                ti_sysbios_heaps_HeapTrack_Object__delete__S = 0x1002e5b9
                0x000000001002e0ad                ti_sysbios_heaps_HeapTrack_create = 0x1002e0ad
                0x000000001002e081                ti_sysbios_heaps_HeapTrack_Object__create__S = 0x1002e081
                0x000000001002fda8                ti_sysbios_heaps_HeapTrack_Module__diagsMask__C = 0x1002fda8
                0x000000001002fc10                ti_sysbios_family_arm_m3_Hwi_Object__PARAMS__C = 0x1002fc10
                0x000000001002fda4                ti_sysbios_heaps_HeapTrack_Module__diagsIncluded__C = 0x1002fda4
                0x000000001002fda0                ti_sysbios_heaps_HeapTrack_Module__diagsEnabled__C = 0x1002fda0
                0x000000001002fc6c                ti_sysbios_knl_Swi_Object__PARAMS__C = 0x1002fc6c
                0x000000001002fba0                ti_sysbios_knl_Task_Object__PARAMS__C = 0x1002fba0
                0x000000001002fd18                ti_sysbios_gates_GateMutex_Object__PARAMS__C = 0x1002fd18
                0x000000001002fd30                ti_sysbios_knl_Event_Object__PARAMS__C = 0x1002fd30
                0x000000001002fc94                ti_sysbios_heaps_HeapMem_Object__PARAMS__C = 0x1002fc94
                0x000000001002fd00                ti_sysbios_gates_GateHwi_Object__PARAMS__C = 0x1002fd00
                0x000000001002fd80                ti_sysbios_heaps_HeapTrack_Object__PARAMS__C = 0x1002fd80
                0x000000001002fd60                //ti_sysbios_heaps_HeapTrack_Object__DESC__C = 0x1002fd60
                0x000000001002b400                ti_sysbios_rom_cortexm_cc26xx_cc26x2v2_CC26xx_REVISION__C = 0x1002b400
                0x000000001002fcdc                ti_sysbios_knl_Semaphore_Object__PARAMS__C = 0x1002fcdc
                0x000000001002fcb8                ti_sysbios_knl_Clock_Object__PARAMS__C = 0x1002fcb8
                0x000000001002fd48                ti_sysbios_knl_Queue_Object__PARAMS__C = 0x1002fd48
                0x000000001002fbdc                ti_sysbios_knl_Mailbox_Object__PARAMS__C = 0x1002fbdc
                0x000000001002fc40                ti_sysbios_hal_Hwi_Object__PARAMS__C = 0x1002fc40
                0x000000001002fd9c                ti_sysbios_heaps_HeapTrack_Instance_State_trackQueue__O = 0x1002fd9c
                0x000000001002fddb                strlen = 0x1002fddb
                0x000000001002ec9b                ti_sysbios_BIOS_RtsGateProxy_query__E = 0x1002ec9b
                0x000000001002e951                ti_sysbios_knl_Queue_get__E = 0x1002e951
                0x000000001002ea39                ti_sysbios_knl_Swi_enabled__E = 0x1002ea39
                0x000000001002e81d                ti_sysbios_knl_Clock_scheduleNextTick__E = 0x1002e81d
                0x000000001002d081                ti_sysbios_knl_Swi_runLoop__I = 0x1002d081
                0x000000001002dc11                ti_sysbios_knl_Clock_getTicks__E = 0x1002dc11
                0x000000001002ebd9                ti_sysbios_knl_Queue_enqueue__E = 0x1002ebd9
                0x000000001002e96d                ti_sysbios_knl_Queue_put__E = 0x1002e96d
                0x000000001002d5d7                ti_sysbios_gates_GateHwi_Instance_init__E = 0x1002d5d7
                0x000000001002ec15                ti_sysbios_hal_Hwi_Instance_finalize__E = 0x1002ec15
                0x000000001002ec7b                ti_sysbios_BIOS_RtsGateProxy_leave__E = 0x1002ec7b
                0x000000001002de85                ti_sysbios_heaps_HeapMem_Object__create__S = 0x1002de85
                0x000000001002f739                xdc_runtime_Error_raiseX__E = 0x1002f739
                0x000000001002d9e9                ti_sysbios_hal_Hwi_getStackInfo__E = 0x1002d9e9
                0x000000001002ddc1                ti_sysbios_knl_Semaphore_construct = 0x1002ddc1
                0x000000001002ead5                ti_sysbios_knl_Clock_TimerProxy_getMaxTicks__E = 0x1002ead5
                0x000000001002eb3d                ti_sysbios_family_arm_cc26xx_TimestampProvider_getFreq__E = 0x1002eb3d
                0x000000001002e4e1                ti_sysbios_gates_GateMutex_Handle__label__S = 0x1002e4e1
                0x000000001002eccb                ti_sysbios_knl_Mailbox_delete = 0x1002eccb
                0x000000001002e6fd                ti_sysbios_knl_Semaphore_destruct = 0x1002e6fd
                0x000000001002ec77                ti_sysbios_BIOS_RtsGateProxy_enter__E = 0x1002ec77
                0x000000001002dc81                ti_sysbios_knl_Task_processVitalTaskFlag__I = 0x1002dc81
                0x000000001002bb01                ti_sysbios_heaps_HeapTrack_free__E = 0x1002bb01
                0x000000001002d311                ti_sysbios_knl_Mailbox_create = 0x1002d311
                0x000000001002f367                xdc_runtime_Core_deleteObject__I = 0x1002f367
                0x000000001002eccf                ti_sysbios_knl_Queue_delete = 0x1002eccf
                0x000000001002f91f                xdc_runtime_SysCallback_Module__startupDone__S = 0x1002f91f
                0x000000001002ec29                ti_sysbios_family_arm_m3_Hwi_doSwiRestore__I = 0x1002ec29
                0x000000001002eb3d                xdc_runtime_Timestamp_getFreq__E = 0x1002eb3d
                0x000000001002eb85                ti_sysbios_heaps_HeapTrack_Params__init__S = 0x1002eb85
                0x000000001002ec1f                ti_sysbios_knl_Event_Instance_init__E = 0x1002ec1f
                0x000000001002f559                xdc_runtime_System_atexit__E = 0x1002f559
                0x000000001002eb79                ti_sysbios_gates_GateMutex_Params__init__S = 0x1002eb79
                0x000000001002eba9                ti_sysbios_knl_Clock_getTimerHandle__E = 0x1002eba9
                0x000000001002ec71                ti_sysbios_knl_Task_enable__E = 0x1002ec71
                0x000000001002f831                xdc_runtime_Memory_getStats__E = 0x1002f831
                0x000000001002ecb3                ti_sysbios_knl_Clock_TimerProxy_getExpiredTicks__E = 0x1002ecb3
                0x000000001002dffd                xdc_runtime_Timestamp_SupportProxy_get64__E = 0x1002dffd
                0x000000001002da71                ti_sysbios_family_arm_m3_Hwi_excNmi__I = 0x1002da71
                0x000000001002e29d                ti_sysbios_knl_Clock_Object__delete__S = 0x1002e29d
                0x000000001002ec97                ti_sysbios_gates_GateMutex_delete = 0x1002ec97
                0x000000001002eb13                ti_sysbios_heaps_HeapMem_restore__E = 0x1002eb13
                0x000000001002d765                ti_sysbios_knl_Swi_create = 0x1002d765
                0x000000001002ecaf                ti_sysbios_heaps_HeapMem_Module_GateProxy_leave__E = 0x1002ecaf
                0x000000001002bfb1                ti_sysbios_knl_Semaphore_pend__E = 0x1002bfb1
                0x000000001002d2b5                ti_sysbios_knl_Mailbox_Instance_finalize__E = 0x1002d2b5
                0x000000001002f055                xdc_runtime_Startup_startMods__I = 0x1002f055
                0x000000001002dd25                ti_sysbios_heaps_HeapMem_init__I = 0x1002dd25
                0x000000001002e769                ti_sysbios_knl_Swi_Object__delete__S = 0x1002e769
                0x000000001002d91d                ti_sysbios_hal_Hwi_HwiProxy_enableInterrupt__E = 0x1002d91d
                0x000000001002d9a5                ti_sysbios_family_arm_m3_Hwi_excSvCall__I = 0x1002d9a5
                0x000000001002ecbf                ti_sysbios_knl_Clock_removeI__E = 0x1002ecbf
                0x000000001002f711                xdc_runtime_System_abort__E = 0x1002f711
                0x000000001002cedd                ti_sysbios_family_arm_m3_Hwi_dispatchC__I = 0x1002cedd
                0x000000001002d719                ti_sysbios_knl_Swi_construct = 0x1002d719
                0x000000001002e989                ti_sysbios_knl_Task_sleepTimeout__I = 0x1002e989
                0x000000001002eb2f                ti_sysbios_knl_Queue_remove__E = 0x1002eb2f
                0x000000001002e6d9                ti_sysbios_knl_Semaphore_Instance_finalize__E = 0x1002e6d9
                0x000000001002f689                xdc_runtime_Text_printVisFxn__I = 0x1002f689
                0x000000001002e505                ti_sysbios_gates_GateMutex_destruct = 0x1002e505
                0x000000001002ec8f                ti_sysbios_knl_Task_SupportProxy_Module__startupDone__S = 0x1002ec8f
                0x000000001002e6b5                ti_sysbios_knl_Queue_Object__delete__S = 0x1002e6b5
                0x000000001002e33d                ti_sysbios_knl_Mailbox_Object__get__S = 0x1002e33d
                0x000000001002c79d                ti_sysbios_family_arm_m3_Hwi_Instance_init__E = 0x1002c79d
                0x000000001002ecbb                ti_sysbios_knl_Clock_delete = 0x1002ecbb
                0x000000001002cbc5                ti_sysbios_knl_Clock_walkQueueDynamic__E = 0x1002cbc5
                0x000000001002cf49                ti_sysbios_knl_Mailbox_post__E = 0x1002cf49
                0x000000001002dd59                ti_sysbios_knl_Clock_Instance_init__E = 0x1002dd59
                0x000000001002e0d9                ti_sysbios_knl_Event_construct = 0x1002e0d9
                0x000000001002c5d9                ti_sysbios_heaps_HeapTrack_Instance_finalize__E = 0x1002c5d9
                0x000000001002d67d                ti_sysbios_knl_Task_allBlockedFunction__I = 0x1002d67d
                0x000000001002e721                ti_sysbios_knl_Swi_Handle__label__S = 0x1002e721
                0x000000001002ca59                ti_sysbios_knl_Task_postInit__I = 0x1002ca59
                0x000000001002e7f9                ti_sysbios_knl_Task_enter__I = 0x1002e7f9
                0x000000001002e935                ti_sysbios_hal_Hwi_switchFromBootStack__E = 0x1002e935
                0x000000001002c185                ti_sysbios_family_arm_m3_Hwi_excHardFault__I = 0x1002c185
                0x000000001002dfd1                ti_sysbios_family_arm_cc26xx_Timer_postInit__I = 0x1002dfd1
                0x000000001002f92b                xdc_runtime_System_printf_va__F = 0x1002f92b
                0x000000001002e745                ti_sysbios_knl_Swi_Module_startup__E = 0x1002e745
                0x000000001002ec53                ti_sysbios_gates_GateMutex_Instance_finalize__E = 0x1002ec53
                0x000000001002ec31                ti_sysbios_hal_Hwi_startup__E = 0x1002ec31
                0x000000001002f4c9                xdc_runtime_Core_assignParams__I = 0x1002f4c9
                0x000000001002e935                ti_sysbios_hal_Hwi_HwiProxy_switchFromBootStack__E = 0x1002e935
                0x000000001002cb51                ti_sysbios_heaps_HeapMem_allocUnprotected__E = 0x1002cb51
                0x000000001002f905                xdc_runtime_Memory_HeapProxy_getStats__E = 0x1002f905
                0x000000001002e571                ti_sysbios_heaps_HeapTrack_Handle__label__S = 0x1002e571
                0x000000001002d891                ti_sysbios_knl_Swi_post__E = 0x1002d891
                0x000000001002df75                ti_sysbios_hal_Hwi_initStack = 0x1002df75
                0x000000001002f15d                xdc_runtime_Text_putSite__E = 0x1002f15d
                0x000000001002f289                xdc_runtime_Memory_alloc__E = 0x1002f289
                0x000000001002ecd7                ti_sysbios_knl_Queue_next__E = 0x1002ecd7
                0x000000001002e85d                ti_sysbios_knl_Event_destruct = 0x1002e85d
                0x000000001002e9d1                ti_sysbios_knl_Clock_Instance_finalize__E = 0x1002e9d1
                0x000000001002ec65                ti_sysbios_knl_Queue_elemClear__E = 0x1002ec65
                0x000000001002dcf1                ti_sysbios_knl_Clock_TimerProxy_startup__E = 0x1002dcf1
                0x000000001002eb9d                ti_sysbios_knl_Clock_Params__init__S = 0x1002eb9d
                0x000000001002c251                ti_sysbios_knl_Task_Instance_init__E = 0x1002c251
                0x000000001002ec31                ti_sysbios_hal_Hwi_HwiProxy_startup__E = 0x1002ec31
                0x000000001002eaf5                ti_sysbios_knl_Task_self__E = 0x1002eaf5
                0x000000001002eceb                ti_sysbios_knl_Task_startup__E = 0x1002eceb
                0x000000001002e4bd                ti_sysbios_gates_GateHwi_Object__delete__S = 0x1002e4bd
                0x000000001002dcf1                ti_sysbios_family_arm_cc26xx_Timer_startup__E = 0x1002dcf1
                0x000000001002f81d                xdc_runtime_Memory_free__E = 0x1002f81d
                0x000000001002dfa3                ti_sysbios_knl_Clock_triggerFunc__I = 0x1002dfa3
                0x000000001002eca7                ti_sysbios_hal_Hwi_delete = 0x1002eca7
                0x000000001002ec5f                ti_sysbios_knl_Queue_Instance_init__E = 0x1002ec5f
                0x000000001002ecc7                ti_sysbios_knl_Event_delete = 0x1002ecc7
                0x000000001002e4e1                ti_sysbios_BIOS_RtsGateProxy_Handle__label__S = 0x1002e4e1
                0x000000001002dfa5                ti_sysbios_family_arm_cc26xx_Timer_Module_startup__E = 0x1002dfa5
                0x000000001002e66d                ti_sysbios_knl_Event_Object__delete__S = 0x1002e66d
                0x000000001002f421                xdc_runtime_Assert_raise__I = 0x1002f421
                0x000000001002d1fd                ti_sysbios_hal_Hwi_create = 0x1002d1fd
                0x000000001002e7d5                ti_sysbios_knl_Task_destruct = 0x1002e7d5
                0x000000001002ea61                ti_sysbios_hal_Hwi_Module_startup__E = 0x1002ea61
                0x000000001002ddf5                ti_sysbios_family_arm_m3_Hwi_excHandler__I = 0x1002ddf5
                0x000000001002f803                xdc_runtime_Core_destructObject__I = 0x1002f803
                0x000000001002b9a1                ti_sysbios_family_arm_m3_Hwi_excUsageFault__I = 0x1002b9a1
                0x000000001002ea25                ti_sysbios_knl_Swi_disable__E = 0x1002ea25
                0x000000001002ea11                ti_sysbios_BIOS_setThreadType__E = 0x1002ea11
                0x000000001002ea4d                ti_sysbios_knl_Task_disable__E = 0x1002ea4d
                0x000000001002d36d                ti_sysbios_knl_Swi_Instance_init__E = 0x1002d36d
                0x000000001002e131                ti_sysbios_knl_Semaphore_pendTimeout__I = 0x1002e131
                0x000000001002db25                ti_sysbios_knl_Clock_create = 0x1002db25
                0x000000001002ec39                ti_sysbios_knl_Idle_loop__E = 0x1002ec39
                0x000000001002ec4d                ti_sysbios_gates_GateHwi_leave__E = 0x1002ec4d
                0x000000001002e451                ti_sysbios_hal_Hwi_HwiProxy_Handle__label__S = 0x1002e451
                0x000000001002d91d                ti_sysbios_family_arm_m3_Hwi_enableInterrupt__E = 0x1002d91d
                0x000000001002ebe5                ti_sysbios_knl_Semaphore_Params__init__S = 0x1002ebe5
                0x000000001002c0a5                ti_sysbios_knl_Event_pend__E = 0x1002c0a5
                0x000000001002e9a3                ti_sysbios_knl_Task_unblock__E = 0x1002e9a3
                0x000000001002e8bd                ti_sysbios_knl_Swi_destruct = 0x1002e8bd
                0x000000001002f881                xdc_runtime_SysCallback_putch__E = 0x1002f881
                0x000000001002ea95                ti_sysbios_BIOS_getThreadType__E = 0x1002ea95
                0x000000001002ea73                ti_sysbios_knl_Event_sync__E = 0x1002ea73
                0x000000001002e9fd                ti_sysbios_BIOS_getCpuFreq__E = 0x1002e9fd
                0x000000001002f8d9                xdc_runtime_Memory_calloc__E = 0x1002f8d9
                0x000000001002ec31                ti_sysbios_family_arm_m3_Hwi_startup__E = 0x1002ec31
                0x000000001002e499                xdc_runtime_System_Module_GateProxy_Handle__label__S = 0x1002e499
                0x000000001002f859                xdc_runtime_SysCallback_exit__E = 0x1002f859
                0x000000001002f759                xdc_runtime_Registry_findById__E = 0x1002f759
                0x000000001002eb49                ti_sysbios_hal_Hwi_HwiProxy_Params__init__S = 0x1002eb49
                0x000000001002eb21                ti_sysbios_knl_Queue_empty__E = 0x1002eb21
                0x000000001002dbd7                ti_sysbios_knl_Clock_logTick__E = 0x1002dbd7
                0x000000001002f895                xdc_runtime_SysCallback_ready__E = 0x1002f895
                0x000000001002ebb5                ti_sysbios_knl_Event_Params__init__S = 0x1002ebb5
                0x000000001002d7fd                ti_sysbios_knl_Task_yield__E = 0x1002d7fd
                0x000000001002eab5                ti_sysbios_knl_Task_SupportProxy_getStackAlignment__E = 0x1002eab5
                0x000000001002d1a1                ti_sysbios_family_arm_m3_Hwi_create = 0x1002d1a1
                0x000000001002f8c9                xdc_runtime_Timestamp_SupportProxy_get32__E = 0x1002f8c9
                0x000000001002daad                ti_sysbios_family_arm_m3_Hwi_getHandle__E = 0x1002daad
                0x000000001002e475                ti_sysbios_family_arm_m3_Hwi_destruct = 0x1002e475
                0x000000001002ebfd                ti_sysbios_knl_Swi_self__E = 0x1002ebfd
                0x000000001002f8c9                xdc_runtime_Timestamp_get32__E = 0x1002f8c9
                0x000000001002e2c5                ti_sysbios_knl_Clock_stop__E = 0x1002e2c5
                0x000000001002e78d                ti_sysbios_knl_Task_Handle__label__S = 0x1002e78d
                0x000000001002ec41                ti_sysbios_family_arm_m3_Hwi_doTaskRestore__I = 0x1002ec41
                0x000000001002d01b                ti_sysbios_BIOS_linkedWithIncorrectBootLibrary__E = 0x1002d01b
                0x000000001002cd91                ti_sysbios_knl_Swi_run__I = 0x1002cd91
                0x000000001002e15d                ti_sysbios_family_arm_cc26xx_Timer_Module__startupDone__S = 0x1002e15d
                0x000000001002f2f9                xdc_runtime_Core_createObject__I = 0x1002f2f9
                0x000000001002df15                ti_sysbios_knl_Queue_create = 0x1002df15
                0x000000001002e24d                ti_sysbios_hal_Hwi_Object__delete__S = 0x1002e24d
                0x000000001002dd8d                ti_sysbios_knl_Clock_construct = 0x1002dd8d
                0x000000001002f86d                xdc_runtime_SysCallback_flush__E = 0x1002f86d
                0x000000001002f81b                xdc_runtime_System_abortSpin__E = 0x1002f81b
                0x000000001002eca3                ti_sysbios_hal_Hwi_HwiProxy_delete = 0x1002eca3
                0x000000001002de25                ti_sysbios_gates_GateMutex_Object__create__S = 0x1002de25
                0x000000001002d9e9                ti_sysbios_family_arm_m3_Hwi_getStackInfo__E = 0x1002d9e9
                0x000000001002ecab                ti_sysbios_heaps_HeapMem_Module_GateProxy_enter__E = 0x1002ecab
                0x000000001002e5dd                ti_sysbios_heaps_HeapTrack_getStats__E = 0x1002e5dd
                0x000000001002cd21                ti_sysbios_knl_Semaphore_post__E = 0x1002cd21
                0x000000001002db9d                ti_sysbios_knl_Task_exit__E = 0x1002db9d
                0x000000001002d849                ti_sysbios_heaps_HeapMem_Instance_init__E = 0x1002d849
                0x000000001002db61                ti_sysbios_knl_Swi_restore__E = 0x1002db61
                0x000000001002ccad                ti_sysbios_knl_Task_startCore__E = 0x1002ccad
                0x000000001002dc49                ti_sysbios_knl_Semaphore_create = 0x1002dc49
                0x000000001002eb6d                ti_sysbios_gates_GateHwi_enter__E = 0x1002eb6d
                0x000000001002d7b1                ti_sysbios_knl_Task_blockI__E = 0x1002d7b1
                0x000000001002dbd9                ti_sysbios_heaps_HeapMem_free__E = 0x1002dbd9
                0x000000001002d91d                ti_sysbios_hal_Hwi_enableInterrupt__E = 0x1002d91d
                0x000000001002c709                ti_sysbios_family_arm_cc26xx_Timer_periodicStub__E = 0x1002c709
                0x000000001002e8dd                ti_sysbios_hal_Hwi_Instance_init__E = 0x1002e8dd
                0x000000001002ec93                ti_sysbios_gates_GateHwi_query__E = 0x1002ec93
                0x000000001002f5e5                xdc_runtime_System_processAtExit__E = 0x1002f5e5
                0x000000001002ec87                ti_sysbios_family_arm_cc26xx_Timer_setPeriod__E = 0x1002ec87
                0x000000001002f1f9                xdc_runtime_Text_putMod__E = 0x1002f1f9
                0x000000001002d01d                ti_sysbios_knl_Semaphore_Instance_init__E = 0x1002d01d
                0x000000001002e529                xdc_runtime_Memory_HeapProxy_Handle__label__S = 0x1002e529
                0x000000001002ecd3                ti_sysbios_knl_Queue_head__E = 0x1002ecd3
                0x000000001002eb3d                xdc_runtime_Timestamp_SupportProxy_getFreq__E = 0x1002eb3d
                0x000000001002f779                xdc_runtime_Error_check__E = 0x1002f779
                0x000000001002f1f7                xdc_runtime_Error_policySpin__E = 0x1002f1f7
                0x000000001002c8c1                ti_sysbios_heaps_HeapTrack_alloc__E = 0x1002c8c1
                0x000000001002de55                ti_sysbios_gates_GateMutex_create = 0x1002de55
                0x000000001002bda9                ti_sysbios_family_arm_m3_Hwi_excFillContext__I = 0x1002bda9
                0x000000001002f90f                xdc_runtime_Gate_leaveSystem__E = 0x1002f90f
                0x000000001002c9d5                ti_sysbios_knl_Swi_restoreHwi__E = 0x1002c9d5
                0x000000001002ce01                ti_sysbios_knl_Task_sleep__E = 0x1002ce01
                0x000000001002d529                ti_sysbios_knl_Task_create = 0x1002d529
                0x000000001002ebc1                ti_sysbios_knl_Mailbox_Params__init__S = 0x1002ebc1
                0x000000001002e3dd                ti_sysbios_knl_Task_restoreHwi__E = 0x1002e3dd
                0x000000001002e405                ti_sysbios_knl_Mailbox_postInit__I = 0x1002e405
                0x000000001002d961                ti_sysbios_family_arm_m3_Hwi_excNoIsr__I = 0x1002d961
                0x000000001002ece7                ti_sysbios_knl_Task_delete = 0x1002ece7
                0x000000001002ec59                ti_sysbios_heaps_HeapMem_isBlocking__E = 0x1002ec59
                0x000000001002b82d                ti_sysbios_family_arm_m3_Hwi_excBusFault__I = 0x1002b82d
                0x000000001002f6b9                xdc_runtime_System_vprintf__E = 0x1002f6b9
                0x000000001002c94d                ti_sysbios_knl_Clock_startI__E = 0x1002c94d
                0x000000001002e9e7                ti_sysbios_knl_Clock_start__E = 0x1002e9e7
                0x000000001002ec9b                ti_sysbios_heaps_HeapMem_Module_GateProxy_query__E = 0x1002ec9b
                0x000000001002e1ad                ti_sysbios_family_arm_m3_Hwi_Object__delete__S = 0x1002e1ad
                0x000000001002ecb7                ti_sysbios_knl_Clock_TimerProxy_getPeriod__E = 0x1002ecb7
                0x000000001002e83d                ti_sysbios_knl_Event_checkEvents__I = 0x1002e83d
                0x000000001002dae9                ti_sysbios_knl_Task_SupportProxy_start__E = 0x1002dae9
                0x000000001002e529                ti_sysbios_heaps_HeapMem_Handle__label__S = 0x1002e529
                0x000000001002ec8b                ti_sysbios_family_arm_m3_Hwi_delete = 0x1002ec8b
                0x000000001002e4e1                ti_sysbios_heaps_HeapMem_Module_GateProxy_Handle__label__S = 0x1002e4e1
                0x000000001002eb91                ti_sysbios_heaps_HeapTrack_isBlocking__E = 0x1002eb91
                0x000000001002e365                ti_sysbios_knl_Semaphore_Object__delete__S = 0x1002e365
                0x000000001002bc61                ti_sysbios_family_arm_m3_Hwi_excMemFault__I = 0x1002bc61
                0x000000001002d9e9                ti_sysbios_hal_Hwi_HwiProxy_getStackInfo__E = 0x1002d9e9
                0x000000001002e2ed                ti_sysbios_knl_Idle_run__E = 0x1002e2ed
                0x000000001002ecdf                ti_sysbios_knl_Swi_delete = 0x1002ecdf
                0x000000001002f795                xdc_runtime_Memory_valloc__E = 0x1002f795
                0x000000001002f7e9                xdc_runtime_System_printf__E = 0x1002f7e9
                0x000000001002beb5                ti_sysbios_family_arm_m3_Hwi_excHandlerMax__I = 0x1002beb5
                0x000000001002e315                ti_sysbios_knl_Mailbox_Object__delete__S = 0x1002e315
                0x000000001002dae9                ti_sysbios_family_arm_m3_TaskSupport_start__E = 0x1002dae9
                0x000000001002dffd                xdc_runtime_Timestamp_get64__E = 0x1002dffd
                0x000000001002e185                ti_sysbios_family_arm_m3_Hwi_Module__startupDone__S = 0x1002e185
                0x000000001002eb79                ti_sysbios_heaps_HeapMem_Module_GateProxy_Params__init__S = 0x1002eb79
                0x000000001002ec6b                ti_sysbios_knl_Swi_startup__E = 0x1002ec6b